05-16 12:28:56.798 14595 14616 I TestRunner: started: order_reset_after_cancel_from_checkout(com.example.lunchtray.OrderFunctionalityTests)
05-16 12:28:56.800   381  1355 W RanchuHwc: presentDisplay display has no layers to compose, flushing client target buffer.
05-16 12:28:56.816 14595 14616 W Settings: Setting always_finish_activities has moved from android.provider.Settings.System to android.provider.Settings.Global, returning read-only value.
05-16 12:28:56.825   381  1355 W RanchuHwc: presentDisplay display has no layers to compose, flushing client target buffer.
05-16 12:28:56.845   381  1355 W RanchuHwc: presentDisplay display has no layers to compose, flushing client target buffer.
05-16 12:28:56.866   381  1355 W RanchuHwc: presentDisplay display has no layers to compose, flushing client target buffer.
05-16 12:28:56.911   768  1071 D EGL_emulation: app_time_stats: avg=1236.07ms min=89.98ms max=2382.17ms count=2
05-16 12:28:56.925   768  1043 D SplashScreenView: Build android.window.SplashScreenView{71cba28 V.E...... ......ID 0,0-0,0}
05-16 12:28:56.925   768  1043 D SplashScreenView: Icon: view: null drawable: null size: 0
05-16 12:28:56.925   768  1043 D SplashScreenView: Branding: view: android.view.View{ae3a341 G.ED..... ......I. 0,0-0,0 #10204d9 android:id/splashscreen_branding_view} drawable: null size w: 0 h: 0
05-16 12:28:56.938   381  1355 W RanchuHwc: presentDisplay display has no layers to compose, flushing client target buffer.
05-16 12:28:56.950   381  1355 W RanchuHwc: presentDisplay display has no layers to compose, flushing client target buffer.
05-16 12:28:56.951   381  1355 W RanchuHwc: presentDisplay display has no layers to compose, flushing client target buffer.
05-16 12:28:56.958 14595 14595 D LifecycleMonitor: Lifecycle status change: androidx.test.core.app.InstrumentationActivityInvoker$BootstrapActivity@bd9fef0 in: PRE_ON_CREATE
05-16 12:28:56.958 14595 14595 V ActivityScenario: Activity lifecycle changed event received but ignored because the intent does not match. startActivityIntent=Intent { act=android.intent.action.MAIN cat=[android.intent.category.LAUNCHER] cmp=com.example.lunchtray/androidx.fragment.app.testing.FragmentScenario$EmptyFragmentActivity (has extras) }, activity.getIntent()=Intent { act=android.intent.action.MAIN cat=[android.intent.category.LAUNCHER] flg=0x10008000 cmp=com.example.lunchtray/androidx.test.core.app.InstrumentationActivityInvoker$BootstrapActivity (has extras) }, activity=androidx.test.core.app.InstrumentationActivityInvoker$BootstrapActivity@bd9fef0
05-16 12:28:56.958 14595 14595 V ActivityScenario: Activity lifecycle changed event received but ignored because the intent does not match. startActivityIntent=Intent { act=android.intent.action.MAIN cat=[android.intent.category.LAUNCHER] cmp=com.example.lunchtray/.MainActivity }, activity.getIntent()=Intent { act=android.intent.action.MAIN cat=[android.intent.category.LAUNCHER] flg=0x10008000 cmp=com.example.lunchtray/androidx.test.core.app.InstrumentationActivityInvoker$BootstrapActivity (has extras) }, activity=androidx.test.core.app.InstrumentationActivityInvoker$BootstrapActivity@bd9fef0
05-16 12:28:56.962 14595 14595 D LifecycleMonitor: Lifecycle status change: androidx.test.core.app.InstrumentationActivityInvoker$BootstrapActivity@bd9fef0 in: CREATED
05-16 12:28:56.962 14595 14595 V ActivityScenario: Activity lifecycle changed event received but ignored because the intent does not match. startActivityIntent=Intent { act=android.intent.action.MAIN cat=[android.intent.category.LAUNCHER] cmp=com.example.lunchtray/androidx.fragment.app.testing.FragmentScenario$EmptyFragmentActivity (has extras) }, activity.getIntent()=Intent { act=android.intent.action.MAIN cat=[android.intent.category.LAUNCHER] flg=0x10008000 cmp=com.example.lunchtray/androidx.test.core.app.InstrumentationActivityInvoker$BootstrapActivity (has extras) }, activity=androidx.test.core.app.InstrumentationActivityInvoker$BootstrapActivity@bd9fef0
05-16 12:28:56.962 14595 14595 V ActivityScenario: Activity lifecycle changed event received but ignored because the intent does not match. startActivityIntent=Intent { act=android.intent.action.MAIN cat=[android.intent.category.LAUNCHER] cmp=com.example.lunchtray/.MainActivity }, activity.getIntent()=Intent { act=android.intent.action.MAIN cat=[android.intent.category.LAUNCHER] flg=0x10008000 cmp=com.example.lunchtray/androidx.test.core.app.InstrumentationActivityInvoker$BootstrapActivity (has extras) }, activity=androidx.test.core.app.InstrumentationActivityInvoker$BootstrapActivity@bd9fef0
05-16 12:28:56.963 14595 14595 D LifecycleMonitor: Lifecycle status change: androidx.test.core.app.InstrumentationActivityInvoker$BootstrapActivity@bd9fef0 in: STARTED
05-16 12:28:56.963 14595 14595 V ActivityScenario: Activity lifecycle changed event received but ignored because the intent does not match. startActivityIntent=Intent { act=android.intent.action.MAIN cat=[android.intent.category.LAUNCHER] cmp=com.example.lunchtray/androidx.fragment.app.testing.FragmentScenario$EmptyFragmentActivity (has extras) }, activity.getIntent()=Intent { act=android.intent.action.MAIN cat=[android.intent.category.LAUNCHER] flg=0x10008000 cmp=com.example.lunchtray/androidx.test.core.app.InstrumentationActivityInvoker$BootstrapActivity (has extras) }, activity=androidx.test.core.app.InstrumentationActivityInvoker$BootstrapActivity@bd9fef0
05-16 12:28:56.963 14595 14595 V ActivityScenario: Activity lifecycle changed event received but ignored because the intent does not match. startActivityIntent=Intent { act=android.intent.action.MAIN cat=[android.intent.category.LAUNCHER] cmp=com.example.lunchtray/.MainActivity }, activity.getIntent()=Intent { act=android.intent.action.MAIN cat=[android.intent.category.LAUNCHER] flg=0x10008000 cmp=com.example.lunchtray/androidx.test.core.app.InstrumentationActivityInvoker$BootstrapActivity (has extras) }, activity=androidx.test.core.app.InstrumentationActivityInvoker$BootstrapActivity@bd9fef0
05-16 12:28:56.966   400   400 I BpBinder: onLastStrongRef automatically unlinking death recipients: <uncached descriptor>
05-16 12:28:56.968   381  1355 W RanchuHwc: presentDisplay display has no layers to compose, flushing client target buffer.
05-16 12:28:56.970   576   586 I system_server: NativeAlloc concurrent copying GC freed 127224(5719KB) AllocSpace objects, 3(60KB) LOS objects, 49% free, 21MB/42MB, paused 71us,67us total 444.728ms
05-16 12:28:56.983   381  1355 W RanchuHwc: presentDisplay display has no layers to compose, flushing client target buffer.
05-16 12:28:56.986 14595 14595 D LifecycleMonitor: Lifecycle status change: androidx.test.core.app.InstrumentationActivityInvoker$BootstrapActivity@bd9fef0 in: RESUMED
05-16 12:28:56.987 14595 14595 V ActivityScenario: Activity lifecycle changed event received but ignored because the intent does not match. startActivityIntent=Intent { act=android.intent.action.MAIN cat=[android.intent.category.LAUNCHER] cmp=com.example.lunchtray/androidx.fragment.app.testing.FragmentScenario$EmptyFragmentActivity (has extras) }, activity.getIntent()=Intent { act=android.intent.action.MAIN cat=[android.intent.category.LAUNCHER] flg=0x10008000 cmp=com.example.lunchtray/androidx.test.core.app.InstrumentationActivityInvoker$BootstrapActivity (has extras) }, activity=androidx.test.core.app.InstrumentationActivityInvoker$BootstrapActivity@bd9fef0
05-16 12:28:56.987 14595 14595 V ActivityScenario: Activity lifecycle changed event received but ignored because the intent does not match. startActivityIntent=Intent { act=android.intent.action.MAIN cat=[android.intent.category.LAUNCHER] cmp=com.example.lunchtray/.MainActivity }, activity.getIntent()=Intent { act=android.intent.action.MAIN cat=[android.intent.category.LAUNCHER] flg=0x10008000 cmp=com.example.lunchtray/androidx.test.core.app.InstrumentationActivityInvoker$BootstrapActivity (has extras) }, activity=androidx.test.core.app.InstrumentationActivityInvoker$BootstrapActivity@bd9fef0
05-16 12:28:56.998 14595 14595 D LifecycleMonitor: Lifecycle status change: androidx.test.core.app.InstrumentationActivityInvoker$BootstrapActivity@bd9fef0 in: PAUSED
05-16 12:28:56.999 14595 14595 V ActivityScenario: Activity lifecycle changed event received but ignored because the intent does not match. startActivityIntent=Intent { act=android.intent.action.MAIN cat=[android.intent.category.LAUNCHER] cmp=com.example.lunchtray/androidx.fragment.app.testing.FragmentScenario$EmptyFragmentActivity (has extras) }, activity.getIntent()=Intent { act=android.intent.action.MAIN cat=[android.intent.category.LAUNCHER] flg=0x10008000 cmp=com.example.lunchtray/androidx.test.core.app.InstrumentationActivityInvoker$BootstrapActivity (has extras) }, activity=androidx.test.core.app.InstrumentationActivityInvoker$BootstrapActivity@bd9fef0
05-16 12:28:56.999 14595 14595 V ActivityScenario: Activity lifecycle changed event received but ignored because the intent does not match. startActivityIntent=Intent { act=android.intent.action.MAIN cat=[android.intent.category.LAUNCHER] cmp=com.example.lunchtray/.MainActivity }, activity.getIntent()=Intent { act=android.intent.action.MAIN cat=[android.intent.category.LAUNCHER] flg=0x10008000 cmp=com.example.lunchtray/androidx.test.core.app.InstrumentationActivityInvoker$BootstrapActivity (has extras) }, activity=androidx.test.core.app.InstrumentationActivityInvoker$BootstrapActivity@bd9fef0
05-16 12:28:57.005   380   380 D goldfish-address-space: claimShared: Ask to claim region [0x1eae64000 0x1eb808000]
05-16 12:28:57.010   381  1355 W RanchuHwc: presentDisplay display has no layers to compose, flushing client target buffer.
05-16 12:28:57.011   380   380 D goldfish-address-space: claimShared: Ask to claim region [0x1ec000000 0x1ec9a4000]
05-16 12:28:57.027   380   380 D goldfish-address-space: claimShared: Ask to claim region [0x1ed348000 0x1edcec000]
05-16 12:28:57.035 14595 14595 D LifecycleMonitor: Lifecycle status change: com.example.lunchtray.MainActivity@ed3a4dd in: PRE_ON_CREATE
05-16 12:28:57.035 14595 14595 V ActivityScenario: Activity lifecycle changed event received but ignored because the intent does not match. startActivityIntent=Intent { act=android.intent.action.MAIN cat=[android.intent.category.LAUNCHER] cmp=com.example.lunchtray/androidx.fragment.app.testing.FragmentScenario$EmptyFragmentActivity (has extras) }, activity.getIntent()=Intent { act=android.intent.action.MAIN cat=[android.intent.category.LAUNCHER] cmp=com.example.lunchtray/.MainActivity }, activity=com.example.lunchtray.MainActivity@ed3a4dd
05-16 12:28:57.035 14595 14595 V ActivityScenario: Activity lifecycle changed event received but ignored because the reported transition was not ON_CREATE while the last known transition was PRE_ON_CREATE
05-16 12:28:57.052   381  1355 W RanchuHwc: presentDisplay display has no layers to compose, flushing client target buffer.
05-16 12:28:57.052   768  1071 W Parcel  : Expecting binder but got null!
05-16 12:28:57.055  1461  1461 I GsaVoiceInteractionSrv: Handling ACTION_STOP_HOTWORD
05-16 12:28:57.057  1461  2240 E HwDetectorWithState: a: 3
05-16 12:28:57.081   381  1355 W RanchuHwc: presentDisplay display has no layers to compose, flushing client target buffer.
05-16 12:28:57.083   381  1355 W RanchuHwc: presentDisplay display has no layers to compose, flushing client target buffer.
05-16 12:28:57.085 14595 14595 D LifecycleMonitor: Lifecycle status change: com.example.lunchtray.MainActivity@ed3a4dd in: CREATED
05-16 12:28:57.085 14595 14595 V ActivityScenario: Activity lifecycle changed event received but ignored because the intent does not match. startActivityIntent=Intent { act=android.intent.action.MAIN cat=[android.intent.category.LAUNCHER] cmp=com.example.lunchtray/androidx.fragment.app.testing.FragmentScenario$EmptyFragmentActivity (has extras) }, activity.getIntent()=Intent { act=android.intent.action.MAIN cat=[android.intent.category.LAUNCHER] cmp=com.example.lunchtray/.MainActivity }, activity=com.example.lunchtray.MainActivity@ed3a4dd
05-16 12:28:57.085 14595 14595 V ActivityScenario: Update currentActivityStage to CREATED, currentActivity=com.example.lunchtray.MainActivity@ed3a4dd
05-16 12:28:57.096 14595 14595 D LifecycleMonitor: Lifecycle status change: com.example.lunchtray.MainActivity@ed3a4dd in: STARTED
05-16 12:28:57.096 14595 14595 V ActivityScenario: Activity lifecycle changed event received but ignored because the intent does not match. startActivityIntent=Intent { act=android.intent.action.MAIN cat=[android.intent.category.LAUNCHER] cmp=com.example.lunchtray/androidx.fragment.app.testing.FragmentScenario$EmptyFragmentActivity (has extras) }, activity.getIntent()=Intent { act=android.intent.action.MAIN cat=[android.intent.category.LAUNCHER] cmp=com.example.lunchtray/.MainActivity }, activity=com.example.lunchtray.MainActivity@ed3a4dd
05-16 12:28:57.096 14595 14595 V ActivityScenario: Update currentActivityStage to STARTED, currentActivity=com.example.lunchtray.MainActivity@ed3a4dd
05-16 12:28:57.101 14595 14595 D LifecycleMonitor: Lifecycle status change: com.example.lunchtray.MainActivity@ed3a4dd in: RESUMED
05-16 12:28:57.101 14595 14595 V ActivityScenario: Activity lifecycle changed event received but ignored because the intent does not match. startActivityIntent=Intent { act=android.intent.action.MAIN cat=[android.intent.category.LAUNCHER] cmp=com.example.lunchtray/androidx.fragment.app.testing.FragmentScenario$EmptyFragmentActivity (has extras) }, activity.getIntent()=Intent { act=android.intent.action.MAIN cat=[android.intent.category.LAUNCHER] cmp=com.example.lunchtray/.MainActivity }, activity=com.example.lunchtray.MainActivity@ed3a4dd
05-16 12:28:57.101 14595 14595 V ActivityScenario: Update currentActivityStage to RESUMED, currentActivity=com.example.lunchtray.MainActivity@ed3a4dd
05-16 12:28:57.102   381  1355 W RanchuHwc: presentDisplay display has no layers to compose, flushing client target buffer.
05-16 12:28:57.105   400   495 W TransactionTracing: Could not find layer id -1
05-16 12:28:57.129   381  1355 W RanchuHwc: presentDisplay display has no layers to compose, flushing client target buffer.
05-16 12:28:57.131 14595 14595 D LifecycleMonitor: Lifecycle status change: androidx.test.core.app.InstrumentationActivityInvoker$BootstrapActivity@bd9fef0 in: STOPPED
05-16 12:28:57.131 14595 14595 V ActivityScenario: Activity lifecycle changed event received but ignored because the intent does not match. startActivityIntent=Intent { act=android.intent.action.MAIN cat=[android.intent.category.LAUNCHER] cmp=com.example.lunchtray/androidx.fragment.app.testing.FragmentScenario$EmptyFragmentActivity (has extras) }, activity.getIntent()=Intent { act=android.intent.action.MAIN cat=[android.intent.category.LAUNCHER] flg=0x10008000 cmp=com.example.lunchtray/androidx.test.core.app.InstrumentationActivityInvoker$BootstrapActivity (has extras) }, activity=androidx.test.core.app.InstrumentationActivityInvoker$BootstrapActivity@bd9fef0
05-16 12:28:57.131 14595 14595 V ActivityScenario: Activity lifecycle changed event received but ignored because the intent does not match. startActivityIntent=Intent { act=android.intent.action.MAIN cat=[android.intent.category.LAUNCHER] cmp=com.example.lunchtray/.MainActivity }, activity.getIntent()=Intent { act=android.intent.action.MAIN cat=[android.intent.category.LAUNCHER] flg=0x10008000 cmp=com.example.lunchtray/androidx.test.core.app.InstrumentationActivityInvoker$BootstrapActivity (has extras) }, activity=androidx.test.core.app.InstrumentationActivityInvoker$BootstrapActivity@bd9fef0
05-16 12:28:57.156   381  1355 W RanchuHwc: presentDisplay display has no layers to compose, flushing client target buffer.
05-16 12:28:57.182   381  1355 W RanchuHwc: presentDisplay display has no layers to compose, flushing client target buffer.
05-16 12:28:57.206   381  1355 W RanchuHwc: presentDisplay display has no layers to compose, flushing client target buffer.
05-16 12:28:57.232   381  1355 W RanchuHwc: presentDisplay display has no layers to compose, flushing client target buffer.
05-16 12:28:57.232   380   380 D goldfish-address-space: claimShared: Ask to claim region [0x1e8000000 0x1e89a4000]
05-16 12:28:57.248   380   380 D goldfish-address-space: claimShared: Ask to claim region [0x1edcec000 0x1ee690000]
05-16 12:28:57.259   380   380 D goldfish-address-space: claimShared: Ask to claim region [0x1ee690000 0x1ef034000]
05-16 12:28:57.260   381  1355 W RanchuHwc: presentDisplay display has no layers to compose, flushing client target buffer.
05-16 12:28:57.268 14595 14618 W Parcel  : Expecting binder but got null!
05-16 12:28:57.277   576   595 W ziparchive: Unable to open '/data/app/~~SHw06Uuc8-_rLL8Y5T78-Q==/com.example.lunchtray-jFPe-Ba-Eba7rjYMbFNrxA==/base.dm': No such file or directory
05-16 12:28:57.278   576   595 I ActivityTaskManager: Displayed com.example.lunchtray/.MainActivity: +396ms
05-16 12:28:57.279   381  1355 W RanchuHwc: presentDisplay display has no layers to compose, flushing client target buffer.
05-16 12:28:57.284 14595 14595 D RootViewPicker: Root not ready - waiting: 10ms for one to appear.
05-16 12:28:57.299  1391  1391 I GoogleInputMethodService: GoogleInputMethodService.onFinishInput():3204
05-16 12:28:57.302  1391  1391 I GoogleInputMethodService: GoogleInputMethodService.updateDeviceLockedStatus():2100 checkRepeatedly = false, unlocked = true
05-16 12:28:57.302  1391  1391 I GoogleInputMethodService: GoogleInputMethodService.onStartInput():1903 onStartInput(EditorInfo{inputType=0x0(NULL) imeOptions=0x0 privateImeOptions=null actionName=UNSPECIFIED actionLabel=null actionId=0 initialSelStart=-1 initialSelEnd=-1 initialCapsMode=0x0 hintText=null label=null packageName=com.example.lunchtray fieldId=-1 fieldName=null extras=null}, false)
05-16 12:28:57.304   381  1355 W RanchuHwc: presentDisplay display has no layers to compose, flushing client target buffer.
05-16 12:28:57.319  1391  1391 I GoogleInputMethodService: GoogleInputMethodService.updateDeviceLockedStatus():2100 checkRepeatedly = true, unlocked = true
05-16 12:28:57.329   576  3635 W InputManager-JNI: Input channel object 'f505f0d Splash Screen com.example.lunchtray (client)' was disposed without first being removed with the input manager!
05-16 12:28:57.338   381  1355 W RanchuHwc: presentDisplay display has no layers to compose, flushing client target buffer.
05-16 12:28:57.339   400   495 W TransactionTracing: Could not find layer id -1
05-16 12:28:57.339   400   495 W TransactionTracing: Could not find layer id -1
05-16 12:28:57.375 14595 14595 I ViewInteraction: Performing 'single click' action on view view.getId() is <2131231208/com.example.lunchtray:id/start_order_btn>
05-16 12:28:57.378   381  1355 W RanchuHwc: presentDisplay display has no layers to compose, flushing client target buffer.
05-16 12:28:57.382   400   495 W TransactionTracing: Could not find layer handle 0xb4000075126bc970
05-16 12:28:57.384  1185  1185 D TaplEvents: TIS / TouchInteractionService.onInputEvent: MotionEvent { action=ACTION_DOWN, actionButton=0, id[0]=0, x[0]=540.0, y[0]=1257.5, toolType[0]=TOOL_TYPE_UNKNOWN, buttonState=BUTTON_PRIMARY, classification=NONE, metaState=0, flags=0x0, edgeFlags=0x0, pointerCount=1, historySize=0, eventTime=4269135, downTime=4269135, deviceId=-1, source=0x1002, displayId=0, eventId=-502821222 }
05-16 12:28:57.391   841  1103 D BtGatt.ScanManager: uid 10097 isForeground true scanMode 1
05-16 12:28:57.391   841  1103 D BtGatt.ScanManager: uid 10097 isForeground true scanMode -1
05-16 12:28:57.391   841  1103 D BtGatt.ScanManager: uid 10097 isForeground true scanMode -1
05-16 12:28:57.392 14595 14595 D AutofillManager: Fill dialog is enabled:false, hints=[password, passwordAuto, creditCardNumber, creditCardSecurityCode, creditCardExpirationDate]
05-16 12:28:57.404   381  1355 W RanchuHwc: presentDisplay display has no layers to compose, flushing client target buffer.
05-16 12:28:57.421   381  1355 W RanchuHwc: presentDisplay display has no layers to compose, flushing client target buffer.
05-16 12:28:57.429  1185  1185 D TaplEvents: TIS / TouchInteractionService.onInputEvent: MotionEvent { action=ACTION_UP, actionButton=0, id[0]=0, x[0]=540.0, y[0]=1257.5, toolType[0]=TOOL_TYPE_FINGER, buttonState=BUTTON_PRIMARY, classification=NONE, metaState=0, flags=0x0, edgeFlags=0x0, pointerCount=1, historySize=0, eventTime=4269186, downTime=4269135, deviceId=-1, source=0x1002, displayId=0, eventId=-858018714 }
05-16 12:28:57.442   381  1355 W RanchuHwc: presentDisplay display has no layers to compose, flushing client target buffer.
05-16 12:28:57.468   381  1355 W RanchuHwc: presentDisplay display has no layers to compose, flushing client target buffer.
05-16 12:28:57.473   397   548 D AudioFlinger: mixer(0xb4000071d66d09b0) throttle end: throttle time(4)
05-16 12:28:57.486   381  1355 W RanchuHwc: presentDisplay display has no layers to compose, flushing client target buffer.
05-16 12:28:57.507   381  1355 W RanchuHwc: presentDisplay display has no layers to compose, flushing client target buffer.
05-16 12:28:57.532   381  1355 W RanchuHwc: presentDisplay display has no layers to compose, flushing client target buffer.
05-16 12:28:57.556   381  1355 W RanchuHwc: presentDisplay display has no layers to compose, flushing client target buffer.
05-16 12:28:57.557   400   495 W TransactionTracing: Could not find layer handle 0xb4000075126bb230
05-16 12:28:57.572   381  1355 W RanchuHwc: presentDisplay display has no layers to compose, flushing client target buffer.
05-16 12:28:57.591   381  1355 W RanchuHwc: presentDisplay display has no layers to compose, flushing client target buffer.
05-16 12:28:57.781 14595 14595 I ViewInteraction: Performing 'single click' action on view view.getId() is <2131230844/com.example.lunchtray:id/cauliflower>
05-16 12:28:57.782  1185  1185 D TaplEvents: TIS / TouchInteractionService.onInputEvent: MotionEvent { action=ACTION_DOWN, actionButton=0, id[0]=0, x[0]=206.0, y[0]=285.5, toolType[0]=TOOL_TYPE_UNKNOWN, buttonState=BUTTON_PRIMARY, classification=NONE, metaState=0, flags=0x0, edgeFlags=0x0, pointerCount=1, historySize=0, eventTime=4269540, downTime=4269540, deviceId=-1, source=0x1002, displayId=0, eventId=-700253106 }
05-16 12:28:57.824  1185  1185 D TaplEvents: TIS / TouchInteractionService.onInputEvent: MotionEvent { action=ACTION_UP, actionButton=0, id[0]=0, x[0]=206.0, y[0]=285.5, toolType[0]=TOOL_TYPE_FINGER, buttonState=BUTTON_PRIMARY, classification=NONE, metaState=0, flags=0x0, edgeFlags=0x0, pointerCount=1, historySize=0, eventTime=4269582, downTime=4269540, deviceId=-1, source=0x1002, displayId=0, eventId=-968467301 }
05-16 12:28:57.852   381  1355 W RanchuHwc: presentDisplay display has no layers to compose, flushing client target buffer.
05-16 12:28:57.865   400   495 W TransactionTracing: Could not find layer id -1
05-16 12:28:57.868   381  1355 W RanchuHwc: presentDisplay display has no layers to compose, flushing client target buffer.
05-16 12:28:57.884   381  1355 W RanchuHwc: presentDisplay display has no layers to compose, flushing client target buffer.
05-16 12:28:57.900   381  1355 W RanchuHwc: presentDisplay display has no layers to compose, flushing client target buffer.
05-16 12:28:57.918   381  1355 W RanchuHwc: presentDisplay display has no layers to compose, flushing client target buffer.
05-16 12:28:57.934   381  1355 W RanchuHwc: presentDisplay display has no layers to compose, flushing client target buffer.
05-16 12:28:58.134 14595 14595 I ViewInteraction: Performing 'single click' action on view view.getId() is <2131231081/com.example.lunchtray:id/next_button>
05-16 12:28:58.136  1185  1185 D TaplEvents: TIS / TouchInteractionService.onInputEvent: MotionEvent { action=ACTION_DOWN, actionButton=0, id[0]=0, x[0]=798.5, y[0]=1718.5, toolType[0]=TOOL_TYPE_UNKNOWN, buttonState=BUTTON_PRIMARY, classification=NONE, metaState=0, flags=0x0, edgeFlags=0x0, pointerCount=1, historySize=0, eventTime=4269893, downTime=4269893, deviceId=-1, source=0x1002, displayId=0, eventId=-834407620 }
05-16 12:28:58.177  1185  1185 D TaplEvents: TIS / TouchInteractionService.onInputEvent: MotionEvent { action=ACTION_UP, actionButton=0, id[0]=0, x[0]=798.5, y[0]=1718.5, toolType[0]=TOOL_TYPE_FINGER, buttonState=BUTTON_PRIMARY, classification=NONE, metaState=0, flags=0x0, edgeFlags=0x0, pointerCount=1, historySize=0, eventTime=4269934, downTime=4269893, deviceId=-1, source=0x1002, displayId=0, eventId=-37362265 }
05-16 12:28:58.201   381  1355 W RanchuHwc: presentDisplay display has no layers to compose, flushing client target buffer.
05-16 12:28:58.217   381  1355 W RanchuHwc: presentDisplay display has no layers to compose, flushing client target buffer.
05-16 12:28:58.250   381  1355 W RanchuHwc: presentDisplay display has no layers to compose, flushing client target buffer.
05-16 12:28:58.266   381  1355 W RanchuHwc: presentDisplay display has no layers to compose, flushing client target buffer.
05-16 12:28:58.471 14595 14595 I ViewInteraction: Performing 'single click' action on view view.getId() is <2131231138/com.example.lunchtray:id/salad>
05-16 12:28:58.473  1185  1185 D TaplEvents: TIS / TouchInteractionService.onInputEvent: MotionEvent { action=ACTION_DOWN, actionButton=0, id[0]=0, x[0]=239.5, y[0]=285.5, toolType[0]=TOOL_TYPE_UNKNOWN, buttonState=BUTTON_PRIMARY, classification=NONE, metaState=0, flags=0x0, edgeFlags=0x0, pointerCount=1, historySize=0, eventTime=4270230, downTime=4270230, deviceId=-1, source=0x1002, displayId=0, eventId=-940489149 }
05-16 12:28:58.515  1185  1185 D TaplEvents: TIS / TouchInteractionService.onInputEvent: MotionEvent { action=ACTION_UP, actionButton=0, id[0]=0, x[0]=239.5, y[0]=285.5, toolType[0]=TOOL_TYPE_FINGER, buttonState=BUTTON_PRIMARY, classification=NONE, metaState=0, flags=0x0, edgeFlags=0x0, pointerCount=1, historySize=0, eventTime=4270272, downTime=4270230, deviceId=-1, source=0x1002, displayId=0, eventId=-627566613 }
05-16 12:28:58.537 14595 14618 D EGL_emulation: app_time_stats: avg=66.32ms min=8.69ms max=282.09ms count=18
05-16 12:28:58.551   381  1355 W RanchuHwc: presentDisplay display has no layers to compose, flushing client target buffer.
05-16 12:28:58.567   381  1355 W RanchuHwc: presentDisplay display has no layers to compose, flushing client target buffer.
05-16 12:28:58.583   381  1355 W RanchuHwc: presentDisplay display has no layers to compose, flushing client target buffer.
05-16 12:28:58.603   381  1355 W RanchuHwc: presentDisplay display has no layers to compose, flushing client target buffer.
05-16 12:28:58.619   381  1355 W RanchuHwc: presentDisplay display has no layers to compose, flushing client target buffer.
05-16 12:28:58.631   400   495 W TransactionTracing: Could not find layer id -1
05-16 12:28:58.631   400   495 W TransactionTracing: Could not find layer id -1
05-16 12:28:58.634   381  1355 W RanchuHwc: presentDisplay display has no layers to compose, flushing client target buffer.
05-16 12:28:58.833 14595 14595 I ViewInteraction: Performing 'single click' action on view view.getId() is <2131231081/com.example.lunchtray:id/next_button>
05-16 12:28:58.835  1185  1185 D TaplEvents: TIS / TouchInteractionService.onInputEvent: MotionEvent { action=ACTION_DOWN, actionButton=0, id[0]=0, x[0]=798.5, y[0]=1672.5, toolType[0]=TOOL_TYPE_UNKNOWN, buttonState=BUTTON_PRIMARY, classification=NONE, metaState=0, flags=0x0, edgeFlags=0x0, pointerCount=1, historySize=0, eventTime=4270592, downTime=4270592, deviceId=-1, source=0x1002, displayId=0, eventId=-798378294 }
05-16 12:28:58.878  1185  1185 D TaplEvents: TIS / TouchInteractionService.onInputEvent: MotionEvent { action=ACTION_UP, actionButton=0, id[0]=0, x[0]=798.5, y[0]=1672.5, toolType[0]=TOOL_TYPE_FINGER, buttonState=BUTTON_PRIMARY, classification=NONE, metaState=0, flags=0x0, edgeFlags=0x0, pointerCount=1, historySize=0, eventTime=4270635, downTime=4270592, deviceId=-1, source=0x1002, displayId=0, eventId=-678588011 }
05-16 12:28:58.902   381  1355 W RanchuHwc: presentDisplay display has no layers to compose, flushing client target buffer.
05-16 12:28:58.918   381  1355 W RanchuHwc: presentDisplay display has no layers to compose, flushing client target buffer.
05-16 12:28:58.970   381  1355 W RanchuHwc: presentDisplay display has no layers to compose, flushing client target buffer.
05-16 12:28:58.985   381  1355 W RanchuHwc: presentDisplay display has no layers to compose, flushing client target buffer.
05-16 12:28:59.179 14595 14595 I ViewInteraction: Performing 'single click' action on view view.getId() is <2131230835/com.example.lunchtray:id/bread>
05-16 12:28:59.181  1185  1185 D TaplEvents: TIS / TouchInteractionService.onInputEvent: MotionEvent { action=ACTION_DOWN, actionButton=0, id[0]=0, x[0]=196.0, y[0]=285.5, toolType[0]=TOOL_TYPE_UNKNOWN, buttonState=BUTTON_PRIMARY, classification=NONE, metaState=0, flags=0x0, edgeFlags=0x0, pointerCount=1, historySize=0, eventTime=4270938, downTime=4270938, deviceId=-1, source=0x1002, displayId=0, eventId=-52387855 }
05-16 12:28:59.221  1185  1185 D TaplEvents: TIS / TouchInteractionService.onInputEvent: MotionEvent { action=ACTION_UP, actionButton=0, id[0]=0, x[0]=196.0, y[0]=285.5, toolType[0]=TOOL_TYPE_FINGER, buttonState=BUTTON_PRIMARY, classification=NONE, metaState=0, flags=0x0, edgeFlags=0x0, pointerCount=1, historySize=0, eventTime=4270979, downTime=4270938, deviceId=-1, source=0x1002, displayId=0, eventId=-287686492 }
05-16 12:28:59.250   381  1355 W RanchuHwc: presentDisplay display has no layers to compose, flushing client target buffer.
05-16 12:28:59.268   381  1355 W RanchuHwc: presentDisplay display has no layers to compose, flushing client target buffer.
05-16 12:28:59.285   381  1355 W RanchuHwc: presentDisplay display has no layers to compose, flushing client target buffer.
05-16 12:28:59.301   381  1355 W RanchuHwc: presentDisplay display has no layers to compose, flushing client target buffer.
05-16 12:28:59.318   381  1355 W RanchuHwc: presentDisplay display has no layers to compose, flushing client target buffer.
05-16 12:28:59.334   381  1355 W RanchuHwc: presentDisplay display has no layers to compose, flushing client target buffer.
05-16 12:28:59.533 14595 14595 I ViewInteraction: Performing 'single click' action on view view.getId() is <2131231081/com.example.lunchtray:id/next_button>
05-16 12:28:59.534  1185  1185 D TaplEvents: TIS / TouchInteractionService.onInputEvent: MotionEvent { action=ACTION_DOWN, actionButton=0, id[0]=0, x[0]=798.5, y[0]=1341.5, toolType[0]=TOOL_TYPE_UNKNOWN, buttonState=BUTTON_PRIMARY, classification=NONE, metaState=0, flags=0x0, edgeFlags=0x0, pointerCount=1, historySize=0, eventTime=4271292, downTime=4271292, deviceId=-1, source=0x1002, displayId=0, eventId=-506456236 }
05-16 12:28:59.574  1185  1185 D TaplEvents: TIS / TouchInteractionService.onInputEvent: MotionEvent { action=ACTION_UP, actionButton=0, id[0]=0, x[0]=798.5, y[0]=1341.5, toolType[0]=TOOL_TYPE_FINGER, buttonState=BUTTON_PRIMARY, classification=NONE, metaState=0, flags=0x0, edgeFlags=0x0, pointerCount=1, historySize=0, eventTime=4271332, downTime=4271292, deviceId=-1, source=0x1002, displayId=0, eventId=-1070321846 }
05-16 12:28:59.585 14595 14618 D EGL_emulation: app_time_stats: avg=64.07ms min=3.31ms max=268.73ms count=16
05-16 12:28:59.600   381  1355 W RanchuHwc: presentDisplay display has no layers to compose, flushing client target buffer.
05-16 12:28:59.616   381  1355 W RanchuHwc: presentDisplay display has no layers to compose, flushing client target buffer.
05-16 12:28:59.633   381  1355 W RanchuHwc: presentDisplay display has no layers to compose, flushing client target buffer.
05-16 12:28:59.650   381  1355 W RanchuHwc: presentDisplay display has no layers to compose, flushing client target buffer.
05-16 12:28:59.852 14595 14595 I ViewInteraction: Performing 'single click' action on view view.getId() is <2131230842/com.example.lunchtray:id/cancel_button>
05-16 12:28:59.859  1185  1185 D TaplEvents: TIS / TouchInteractionService.onInputEvent: MotionEvent { action=ACTION_DOWN, actionButton=0, id[0]=0, x[0]=539.5, y[0]=1073.5, toolType[0]=TOOL_TYPE_UNKNOWN, buttonState=BUTTON_PRIMARY, classification=NONE, metaState=0, flags=0x0, edgeFlags=0x0, pointerCount=1, historySize=0, eventTime=4271613, downTime=4271613, deviceId=-1, source=0x1002, displayId=0, eventId=-631423890 }
05-16 12:28:59.895  1185  1185 D TaplEvents: TIS / TouchInteractionService.onInputEvent: MotionEvent { action=ACTION_UP, actionButton=0, id[0]=0, x[0]=539.5, y[0]=1073.5, toolType[0]=TOOL_TYPE_FINGER, buttonState=BUTTON_PRIMARY, classification=NONE, metaState=0, flags=0x0, edgeFlags=0x0, pointerCount=1, historySize=0, eventTime=4271653, downTime=4271613, deviceId=-1, source=0x1002, displayId=0, eventId=-964854812 }
05-16 12:28:59.924   381  1355 W RanchuHwc: presentDisplay display has no layers to compose, flushing client target buffer.
05-16 12:28:59.944   381  1355 W RanchuHwc: presentDisplay display has no layers to compose, flushing client target buffer.
05-16 12:28:59.954   381  1355 W RanchuHwc: presentDisplay display has no layers to compose, flushing client target buffer.
05-16 12:28:59.970   381  1355 W RanchuHwc: presentDisplay display has no layers to compose, flushing client target buffer.
05-16 12:29:00.025   768  1071 D EGL_emulation: app_time_stats: avg=1636.92ms min=476.21ms max=2797.63ms count=2
05-16 12:29:00.034   381  1355 W RanchuHwc: presentDisplay display has no layers to compose, flushing client target buffer.
05-16 12:29:00.182 14595 14595 I ViewInteraction: Performing 'single click' action on view view.getId() is <2131231208/com.example.lunchtray:id/start_order_btn>
05-16 12:29:00.184  1185  1185 D TaplEvents: TIS / TouchInteractionService.onInputEvent: MotionEvent { action=ACTION_DOWN, actionButton=0, id[0]=0, x[0]=540.0, y[0]=1257.5, toolType[0]=TOOL_TYPE_UNKNOWN, buttonState=BUTTON_PRIMARY, classification=NONE, metaState=0, flags=0x0, edgeFlags=0x0, pointerCount=1, historySize=0, eventTime=4271941, downTime=4271941, deviceId=-1, source=0x1002, displayId=0, eventId=-412365965 }
05-16 12:29:00.219   381  1355 W RanchuHwc: presentDisplay display has no layers to compose, flushing client target buffer.
05-16 12:29:00.225  1185  1185 D TaplEvents: TIS / TouchInteractionService.onInputEvent: MotionEvent { action=ACTION_UP, actionButton=0, id[0]=0, x[0]=540.0, y[0]=1257.5, toolType[0]=TOOL_TYPE_FINGER, buttonState=BUTTON_PRIMARY, classification=NONE, metaState=0, flags=0x0, edgeFlags=0x0, pointerCount=1, historySize=0, eventTime=4271983, downTime=4271941, deviceId=-1, source=0x1002, displayId=0, eventId=-496162265 }
05-16 12:29:00.234   381  1355 W RanchuHwc: presentDisplay display has no layers to compose, flushing client target buffer.
05-16 12:29:00.266   400   495 W TransactionTracing: Could not find layer id -1
05-16 12:29:00.266   400   495 W TransactionTracing: Could not find layer id -1
05-16 12:29:00.266   400   495 W TransactionTracing: Could not find layer id -1
05-16 12:29:00.266   400   495 W TransactionTracing: Could not find layer id -1
05-16 12:29:00.266   400   495 W TransactionTracing: Could not find layer id -1
05-16 12:29:00.269   381  1355 W RanchuHwc: presentDisplay display has no layers to compose, flushing client target buffer.
05-16 12:29:00.283   381  1355 W RanchuHwc: presentDisplay display has no layers to compose, flushing client target buffer.
05-16 12:29:00.489 14595 14595 I ViewInteraction: Checking 'MatchesViewAssertion{viewMatcher=(view has effective visibility <VISIBLE> and view.getGlobalVisibleRect() to return non-empty rectangle)}' assertion on view an instance of android.widget.TextView and view.getText() with or without transformation to match: is "Subtotal: $0.00"
05-16 12:29:00.490 14595 14616 I TestRunner: finished: order_reset_after_cancel_from_checkout(com.example.lunchtray.OrderFunctionalityTests)
