05-16 12:28:37.049 14595 14616 I TestRunner: started: order_reset_after_cancel_from_accompaniment_menu(com.example.lunchtray.OrderFunctionalityTests)
05-16 12:28:37.052   381  1355 W RanchuHwc: presentDisplay display has no layers to compose, flushing client target buffer.
05-16 12:28:37.054 14595 14616 W Settings: Setting always_finish_activities has moved from android.provider.Settings.System to android.provider.Settings.Global, returning read-only value.
05-16 12:28:37.063   768  1043 D SplashScreenView: Build android.window.SplashScreenView{8fab4e1 V.E...... ......ID 0,0-0,0}
05-16 12:28:37.063   768  1043 D SplashScreenView: Icon: view: null drawable: null size: 0
05-16 12:28:37.063   768  1043 D SplashScreenView: Branding: view: android.view.View{ce1c206 G.ED..... ......I. 0,0-0,0 #10204d9 android:id/splashscreen_branding_view} drawable: null size w: 0 h: 0
05-16 12:28:37.068   381  1355 W RanchuHwc: presentDisplay display has no layers to compose, flushing client target buffer.
05-16 12:28:37.073 14595 14595 D LifecycleMonitor: Lifecycle status change: androidx.test.core.app.InstrumentationActivityInvoker$BootstrapActivity@a7c2d5b in: PRE_ON_CREATE
05-16 12:28:37.074 14595 14595 V ActivityScenario: Activity lifecycle changed event received but ignored because the intent does not match. startActivityIntent=Intent { act=android.intent.action.MAIN cat=[android.intent.category.LAUNCHER] cmp=com.example.lunchtray/androidx.fragment.app.testing.FragmentScenario$EmptyFragmentActivity (has extras) }, activity.getIntent()=Intent { act=android.intent.action.MAIN cat=[android.intent.category.LAUNCHER] flg=0x10008000 cmp=com.example.lunchtray/androidx.test.core.app.InstrumentationActivityInvoker$BootstrapActivity (has extras) }, activity=androidx.test.core.app.InstrumentationActivityInvoker$BootstrapActivity@a7c2d5b
05-16 12:28:37.074 14595 14595 V ActivityScenario: Activity lifecycle changed event received but ignored because the intent does not match. startActivityIntent=Intent { act=android.intent.action.MAIN cat=[android.intent.category.LAUNCHER] cmp=com.example.lunchtray/.MainActivity }, activity.getIntent()=Intent { act=android.intent.action.MAIN cat=[android.intent.category.LAUNCHER] flg=0x10008000 cmp=com.example.lunchtray/androidx.test.core.app.InstrumentationActivityInvoker$BootstrapActivity (has extras) }, activity=androidx.test.core.app.InstrumentationActivityInvoker$BootstrapActivity@a7c2d5b
05-16 12:28:37.078 14595 14595 D LifecycleMonitor: Lifecycle status change: androidx.test.core.app.InstrumentationActivityInvoker$BootstrapActivity@a7c2d5b in: CREATED
05-16 12:28:37.078 14595 14595 V ActivityScenario: Activity lifecycle changed event received but ignored because the intent does not match. startActivityIntent=Intent { act=android.intent.action.MAIN cat=[android.intent.category.LAUNCHER] cmp=com.example.lunchtray/androidx.fragment.app.testing.FragmentScenario$EmptyFragmentActivity (has extras) }, activity.getIntent()=Intent { act=android.intent.action.MAIN cat=[android.intent.category.LAUNCHER] flg=0x10008000 cmp=com.example.lunchtray/androidx.test.core.app.InstrumentationActivityInvoker$BootstrapActivity (has extras) }, activity=androidx.test.core.app.InstrumentationActivityInvoker$BootstrapActivity@a7c2d5b
05-16 12:28:37.078 14595 14595 V ActivityScenario: Activity lifecycle changed event received but ignored because the intent does not match. startActivityIntent=Intent { act=android.intent.action.MAIN cat=[android.intent.category.LAUNCHER] cmp=com.example.lunchtray/.MainActivity }, activity.getIntent()=Intent { act=android.intent.action.MAIN cat=[android.intent.category.LAUNCHER] flg=0x10008000 cmp=com.example.lunchtray/androidx.test.core.app.InstrumentationActivityInvoker$BootstrapActivity (has extras) }, activity=androidx.test.core.app.InstrumentationActivityInvoker$BootstrapActivity@a7c2d5b
05-16 12:28:37.079 14595 14595 D LifecycleMonitor: Lifecycle status change: androidx.test.core.app.InstrumentationActivityInvoker$BootstrapActivity@a7c2d5b in: STARTED
05-16 12:28:37.079 14595 14595 V ActivityScenario: Activity lifecycle changed event received but ignored because the intent does not match. startActivityIntent=Intent { act=android.intent.action.MAIN cat=[android.intent.category.LAUNCHER] cmp=com.example.lunchtray/androidx.fragment.app.testing.FragmentScenario$EmptyFragmentActivity (has extras) }, activity.getIntent()=Intent { act=android.intent.action.MAIN cat=[android.intent.category.LAUNCHER] flg=0x10008000 cmp=com.example.lunchtray/androidx.test.core.app.InstrumentationActivityInvoker$BootstrapActivity (has extras) }, activity=androidx.test.core.app.InstrumentationActivityInvoker$BootstrapActivity@a7c2d5b
05-16 12:28:37.079 14595 14595 V ActivityScenario: Activity lifecycle changed event received but ignored because the intent does not match. startActivityIntent=Intent { act=android.intent.action.MAIN cat=[android.intent.category.LAUNCHER] cmp=com.example.lunchtray/.MainActivity }, activity.getIntent()=Intent { act=android.intent.action.MAIN cat=[android.intent.category.LAUNCHER] flg=0x10008000 cmp=com.example.lunchtray/androidx.test.core.app.InstrumentationActivityInvoker$BootstrapActivity (has extras) }, activity=androidx.test.core.app.InstrumentationActivityInvoker$BootstrapActivity@a7c2d5b
05-16 12:28:37.082   381  1355 W RanchuHwc: presentDisplay display has no layers to compose, flushing client target buffer.
05-16 12:28:37.085 14595 14595 D LifecycleMonitor: Lifecycle status change: androidx.test.core.app.InstrumentationActivityInvoker$BootstrapActivity@a7c2d5b in: RESUMED
05-16 12:28:37.086 14595 14595 V ActivityScenario: Activity lifecycle changed event received but ignored because the intent does not match. startActivityIntent=Intent { act=android.intent.action.MAIN cat=[android.intent.category.LAUNCHER] cmp=com.example.lunchtray/androidx.fragment.app.testing.FragmentScenario$EmptyFragmentActivity (has extras) }, activity.getIntent()=Intent { act=android.intent.action.MAIN cat=[android.intent.category.LAUNCHER] flg=0x10008000 cmp=com.example.lunchtray/androidx.test.core.app.InstrumentationActivityInvoker$BootstrapActivity (has extras) }, activity=androidx.test.core.app.InstrumentationActivityInvoker$BootstrapActivity@a7c2d5b
05-16 12:28:37.086 14595 14595 V ActivityScenario: Activity lifecycle changed event received but ignored because the intent does not match. startActivityIntent=Intent { act=android.intent.action.MAIN cat=[android.intent.category.LAUNCHER] cmp=com.example.lunchtray/.MainActivity }, activity.getIntent()=Intent { act=android.intent.action.MAIN cat=[android.intent.category.LAUNCHER] flg=0x10008000 cmp=com.example.lunchtray/androidx.test.core.app.InstrumentationActivityInvoker$BootstrapActivity (has extras) }, activity=androidx.test.core.app.InstrumentationActivityInvoker$BootstrapActivity@a7c2d5b
05-16 12:28:37.088   380   427 D goldfish-address-space: claimShared: Ask to claim region [0x1e923c000 0x1e9be0000]
05-16 12:28:37.089 14595 14595 D LifecycleMonitor: Lifecycle status change: androidx.test.core.app.InstrumentationActivityInvoker$BootstrapActivity@a7c2d5b in: PAUSED
05-16 12:28:37.089 14595 14595 V ActivityScenario: Activity lifecycle changed event received but ignored because the intent does not match. startActivityIntent=Intent { act=android.intent.action.MAIN cat=[android.intent.category.LAUNCHER] cmp=com.example.lunchtray/androidx.fragment.app.testing.FragmentScenario$EmptyFragmentActivity (has extras) }, activity.getIntent()=Intent { act=android.intent.action.MAIN cat=[android.intent.category.LAUNCHER] flg=0x10008000 cmp=com.example.lunchtray/androidx.test.core.app.InstrumentationActivityInvoker$BootstrapActivity (has extras) }, activity=androidx.test.core.app.InstrumentationActivityInvoker$BootstrapActivity@a7c2d5b
05-16 12:28:37.089 14595 14595 V ActivityScenario: Activity lifecycle changed event received but ignored because the intent does not match. startActivityIntent=Intent { act=android.intent.action.MAIN cat=[android.intent.category.LAUNCHER] cmp=com.example.lunchtray/.MainActivity }, activity.getIntent()=Intent { act=android.intent.action.MAIN cat=[android.intent.category.LAUNCHER] flg=0x10008000 cmp=com.example.lunchtray/androidx.test.core.app.InstrumentationActivityInvoker$BootstrapActivity (has extras) }, activity=androidx.test.core.app.InstrumentationActivityInvoker$BootstrapActivity@a7c2d5b
05-16 12:28:37.090   380   427 D goldfish-address-space: claimShared: Ask to claim region [0x1ec000000 0x1ec9a4000]
05-16 12:28:37.092   380   427 D goldfish-address-space: claimShared: Ask to claim region [0x1ed348000 0x1edcec000]
05-16 12:28:37.094   768  1071 W Parcel  : Expecting binder but got null!
05-16 12:28:37.098   400   400 I BpBinder: onLastStrongRef automatically unlinking death recipients: <uncached descriptor>
05-16 12:28:37.099   381  1355 W RanchuHwc: presentDisplay display has no layers to compose, flushing client target buffer.
05-16 12:28:37.109 14595 14595 D LifecycleMonitor: Lifecycle status change: com.example.lunchtray.MainActivity@7852ac5 in: PRE_ON_CREATE
05-16 12:28:37.109 14595 14595 V ActivityScenario: Activity lifecycle changed event received but ignored because the intent does not match. startActivityIntent=Intent { act=android.intent.action.MAIN cat=[android.intent.category.LAUNCHER] cmp=com.example.lunchtray/androidx.fragment.app.testing.FragmentScenario$EmptyFragmentActivity (has extras) }, activity.getIntent()=Intent { act=android.intent.action.MAIN cat=[android.intent.category.LAUNCHER] cmp=com.example.lunchtray/.MainActivity }, activity=com.example.lunchtray.MainActivity@7852ac5
05-16 12:28:37.110 14595 14595 V ActivityScenario: Activity lifecycle changed event received but ignored because the reported transition was not ON_CREATE while the last known transition was PRE_ON_CREATE
05-16 12:28:37.117   381  1355 W RanchuHwc: presentDisplay display has no layers to compose, flushing client target buffer.
05-16 12:28:37.131   400   495 W TransactionTracing: Could not find layer handle 0xb4000075126b7510
05-16 12:28:37.131   400   495 W TransactionTracing: Could not find layer handle 0xb4000075126c1d10
05-16 12:28:37.131   400   495 W TransactionTracing: Could not find layer handle 0xb4000075126c1d10
05-16 12:28:37.131   400   495 W TransactionTracing: Could not find layer handle 0xb4000075126b7510
05-16 12:28:37.135   381  1355 W RanchuHwc: presentDisplay display has no layers to compose, flushing client target buffer.
05-16 12:28:37.151 14595 14595 W ample.lunchtray: Accessing hidden method Landroid/view/View;->computeFitSystemWindows(Landroid/graphics/Rect;Landroid/graphics/Rect;)Z (unsupported, reflection, allowed)
05-16 12:28:37.151 14595 14595 W ample.lunchtray: Accessing hidden method Landroid/view/ViewGroup;->makeOptionalFitsSystemWindows()V (unsupported, reflection, allowed)
05-16 12:28:37.153   381  1355 W RanchuHwc: presentDisplay display has no layers to compose, flushing client target buffer.
05-16 12:28:37.157 14595 14595 D LifecycleMonitor: Lifecycle status change: com.example.lunchtray.MainActivity@7852ac5 in: CREATED
05-16 12:28:37.157 14595 14595 V ActivityScenario: Activity lifecycle changed event received but ignored because the intent does not match. startActivityIntent=Intent { act=android.intent.action.MAIN cat=[android.intent.category.LAUNCHER] cmp=com.example.lunchtray/androidx.fragment.app.testing.FragmentScenario$EmptyFragmentActivity (has extras) }, activity.getIntent()=Intent { act=android.intent.action.MAIN cat=[android.intent.category.LAUNCHER] cmp=com.example.lunchtray/.MainActivity }, activity=com.example.lunchtray.MainActivity@7852ac5
05-16 12:28:37.157 14595 14595 V ActivityScenario: Update currentActivityStage to CREATED, currentActivity=com.example.lunchtray.MainActivity@7852ac5
05-16 12:28:37.167  1461  1461 I GsaVoiceInteractionSrv: Handling ACTION_STOP_HOTWORD
05-16 12:28:37.168  1461  2240 E HwDetectorWithState: a: 3
05-16 12:28:37.168   381  1355 W RanchuHwc: presentDisplay display has no layers to compose, flushing client target buffer.
05-16 12:28:37.170 14595 14595 D LifecycleMonitor: Lifecycle status change: com.example.lunchtray.MainActivity@7852ac5 in: STARTED
05-16 12:28:37.171 14595 14595 V ActivityScenario: Activity lifecycle changed event received but ignored because the intent does not match. startActivityIntent=Intent { act=android.intent.action.MAIN cat=[android.intent.category.LAUNCHER] cmp=com.example.lunchtray/androidx.fragment.app.testing.FragmentScenario$EmptyFragmentActivity (has extras) }, activity.getIntent()=Intent { act=android.intent.action.MAIN cat=[android.intent.category.LAUNCHER] cmp=com.example.lunchtray/.MainActivity }, activity=com.example.lunchtray.MainActivity@7852ac5
05-16 12:28:37.171 14595 14595 V ActivityScenario: Update currentActivityStage to STARTED, currentActivity=com.example.lunchtray.MainActivity@7852ac5
05-16 12:28:37.171 14595 14595 D LifecycleMonitor: Lifecycle status change: com.example.lunchtray.MainActivity@7852ac5 in: RESUMED
05-16 12:28:37.171 14595 14595 V ActivityScenario: Activity lifecycle changed event received but ignored because the intent does not match. startActivityIntent=Intent { act=android.intent.action.MAIN cat=[android.intent.category.LAUNCHER] cmp=com.example.lunchtray/androidx.fragment.app.testing.FragmentScenario$EmptyFragmentActivity (has extras) }, activity.getIntent()=Intent { act=android.intent.action.MAIN cat=[android.intent.category.LAUNCHER] cmp=com.example.lunchtray/.MainActivity }, activity=com.example.lunchtray.MainActivity@7852ac5
05-16 12:28:37.172 14595 14595 V ActivityScenario: Update currentActivityStage to RESUMED, currentActivity=com.example.lunchtray.MainActivity@7852ac5
05-16 12:28:37.176 14595 14595 D LifecycleMonitor: Lifecycle status change: androidx.test.core.app.InstrumentationActivityInvoker$BootstrapActivity@a7c2d5b in: STOPPED
05-16 12:28:37.176 14595 14595 V ActivityScenario: Activity lifecycle changed event received but ignored because the intent does not match. startActivityIntent=Intent { act=android.intent.action.MAIN cat=[android.intent.category.LAUNCHER] cmp=com.example.lunchtray/androidx.fragment.app.testing.FragmentScenario$EmptyFragmentActivity (has extras) }, activity.getIntent()=Intent { act=android.intent.action.MAIN cat=[android.intent.category.LAUNCHER] flg=0x10008000 cmp=com.example.lunchtray/androidx.test.core.app.InstrumentationActivityInvoker$BootstrapActivity (has extras) }, activity=androidx.test.core.app.InstrumentationActivityInvoker$BootstrapActivity@a7c2d5b
05-16 12:28:37.177 14595 14595 V ActivityScenario: Activity lifecycle changed event received but ignored because the intent does not match. startActivityIntent=Intent { act=android.intent.action.MAIN cat=[android.intent.category.LAUNCHER] cmp=com.example.lunchtray/.MainActivity }, activity.getIntent()=Intent { act=android.intent.action.MAIN cat=[android.intent.category.LAUNCHER] flg=0x10008000 cmp=com.example.lunchtray/androidx.test.core.app.InstrumentationActivityInvoker$BootstrapActivity (has extras) }, activity=androidx.test.core.app.InstrumentationActivityInvoker$BootstrapActivity@a7c2d5b
05-16 12:28:37.184   381  1355 W RanchuHwc: presentDisplay display has no layers to compose, flushing client target buffer.
05-16 12:28:37.190   380   427 D goldfish-address-space: claimShared: Ask to claim region [0x1ea838000 0x1eb1dc000]
05-16 12:28:37.193   380   427 D goldfish-address-space: claimShared: Ask to claim region [0x1ec9a4000 0x1ed348000]
05-16 12:28:37.194   380   427 D goldfish-address-space: claimShared: Ask to claim region [0x1edcec000 0x1ee690000]
05-16 12:28:37.203   381  1355 W RanchuHwc: presentDisplay display has no layers to compose, flushing client target buffer.
05-16 12:28:37.204 14595 14618 W Parcel  : Expecting binder but got null!
05-16 12:28:37.207   576   595 W ziparchive: Unable to open '/data/app/~~SHw06Uuc8-_rLL8Y5T78-Q==/com.example.lunchtray-jFPe-Ba-Eba7rjYMbFNrxA==/base.dm': No such file or directory
05-16 12:28:37.209   576   595 I ActivityTaskManager: Displayed com.example.lunchtray/.MainActivity: +149ms
05-16 12:28:37.219   381  1355 W RanchuHwc: presentDisplay display has no layers to compose, flushing client target buffer.
05-16 12:28:37.219   576   590 W InputManager-JNI: Input channel object '9deb7a2 Splash Screen com.example.lunchtray (client)' was disposed without first being removed with the input manager!
05-16 12:28:37.220 14595 14595 D RootViewPicker: Root not ready - waiting: 10ms for one to appear.
05-16 12:28:37.222  1391  1391 I GoogleInputMethodService: GoogleInputMethodService.onFinishInput():3204
05-16 12:28:37.223  1391  1391 I GoogleInputMethodService: GoogleInputMethodService.updateDeviceLockedStatus():2100 checkRepeatedly = false, unlocked = true
05-16 12:28:37.223  1391  1391 I GoogleInputMethodService: GoogleInputMethodService.onStartInput():1903 onStartInput(EditorInfo{inputType=0x0(NULL) imeOptions=0x0 privateImeOptions=null actionName=UNSPECIFIED actionLabel=null actionId=0 initialSelStart=-1 initialSelEnd=-1 initialCapsMode=0x0 hintText=null label=null packageName=com.example.lunchtray fieldId=-1 fieldName=null extras=null}, false)
05-16 12:28:37.225  1391  1391 I GoogleInputMethodService: GoogleInputMethodService.updateDeviceLockedStatus():2100 checkRepeatedly = true, unlocked = true
05-16 12:28:37.236   400   495 W TransactionTracing: Could not find layer handle 0xb4000075126ba1b0
05-16 12:28:37.236   400   495 W TransactionTracing: Could not find layer id -1
05-16 12:28:37.237   381  1355 W RanchuHwc: presentDisplay display has no layers to compose, flushing client target buffer.
05-16 12:28:37.248   400   495 W TransactionTracing: Could not find layer handle 0xb4000075126ba510
05-16 12:28:37.248   400   400 W SurfaceFlinger: couldn't log to binary event log: overflow.
05-16 12:28:37.248   400   495 W TransactionTracing: Could not find layer handle 0xb4000075126bdbd0
05-16 12:28:37.249   400   495 W TransactionTracing: Could not find layer handle 0xb4000075126bed70
05-16 12:28:37.249   400   495 W TransactionTracing: Could not find layer handle 0xb4000075126bed70
05-16 12:28:37.251 14595 14595 I ViewInteraction: Performing 'single click' action on view view.getId() is <2131231208/com.example.lunchtray:id/start_order_btn>
05-16 12:28:37.253  1185  1185 D TaplEvents: TIS / TouchInteractionService.onInputEvent: MotionEvent { action=ACTION_DOWN, actionButton=0, id[0]=0, x[0]=540.0, y[0]=1257.5, toolType[0]=TOOL_TYPE_UNKNOWN, buttonState=BUTTON_PRIMARY, classification=NONE, metaState=0, flags=0x0, edgeFlags=0x0, pointerCount=1, historySize=0, eventTime=4249010, downTime=4249009, deviceId=-1, source=0x1002, displayId=0, eventId=-532574672 }
05-16 12:28:37.253   381  1355 W RanchuHwc: presentDisplay display has no layers to compose, flushing client target buffer.
05-16 12:28:37.255 14595 14595 D AutofillManager: Fill dialog is enabled:false, hints=[password, passwordAuto, creditCardNumber, creditCardSecurityCode, creditCardExpirationDate]
05-16 12:28:37.269   381  1355 W RanchuHwc: presentDisplay display has no layers to compose, flushing client target buffer.
05-16 12:28:37.284   381  1355 W RanchuHwc: presentDisplay display has no layers to compose, flushing client target buffer.
05-16 12:28:37.292  1185  1185 D TaplEvents: TIS / TouchInteractionService.onInputEvent: MotionEvent { action=ACTION_UP, actionButton=0, id[0]=0, x[0]=540.0, y[0]=1257.5, toolType[0]=TOOL_TYPE_FINGER, buttonState=BUTTON_PRIMARY, classification=NONE, metaState=0, flags=0x0, edgeFlags=0x0, pointerCount=1, historySize=0, eventTime=4249049, downTime=4249009, deviceId=-1, source=0x1002, displayId=0, eventId=-243577420 }
05-16 12:28:37.300   381  1355 W RanchuHwc: presentDisplay display has no layers to compose, flushing client target buffer.
05-16 12:28:37.317   381  1355 W RanchuHwc: presentDisplay display has no layers to compose, flushing client target buffer.
05-16 12:28:37.334   381  1355 W RanchuHwc: presentDisplay display has no layers to compose, flushing client target buffer.
05-16 12:28:37.351   381  1355 W RanchuHwc: presentDisplay display has no layers to compose, flushing client target buffer.
05-16 12:28:37.368   381  1355 W RanchuHwc: presentDisplay display has no layers to compose, flushing client target buffer.
05-16 12:28:37.385   381  1355 W RanchuHwc: presentDisplay display has no layers to compose, flushing client target buffer.
05-16 12:28:37.403   381  1355 W RanchuHwc: presentDisplay display has no layers to compose, flushing client target buffer.
05-16 12:28:37.417   381  1355 W RanchuHwc: presentDisplay display has no layers to compose, flushing client target buffer.
05-16 12:28:37.434   381  1355 W RanchuHwc: presentDisplay display has no layers to compose, flushing client target buffer.
05-16 12:28:37.450   381  1355 W RanchuHwc: presentDisplay display has no layers to compose, flushing client target buffer.
05-16 12:28:37.467   381  1355 W RanchuHwc: presentDisplay display has no layers to compose, flushing client target buffer.
05-16 12:28:37.483   381  1355 W RanchuHwc: presentDisplay display has no layers to compose, flushing client target buffer.
05-16 12:28:37.501   381  1355 W RanchuHwc: presentDisplay display has no layers to compose, flushing client target buffer.
05-16 12:28:37.517   381  1355 W RanchuHwc: presentDisplay display has no layers to compose, flushing client target buffer.
05-16 12:28:37.534   381  1355 W RanchuHwc: presentDisplay display has no layers to compose, flushing client target buffer.
05-16 12:28:37.552   381  1355 W RanchuHwc: presentDisplay display has no layers to compose, flushing client target buffer.
05-16 12:28:37.567   381  1355 W RanchuHwc: presentDisplay display has no layers to compose, flushing client target buffer.
05-16 12:28:37.583 14595 14595 I ViewInteraction: Performing 'single click' action on view view.getId() is <2131230844/com.example.lunchtray:id/cauliflower>
05-16 12:28:37.584   381  1355 W RanchuHwc: presentDisplay display has no layers to compose, flushing client target buffer.
05-16 12:28:37.585  1185  1185 D TaplEvents: TIS / TouchInteractionService.onInputEvent: MotionEvent { action=ACTION_DOWN, actionButton=0, id[0]=0, x[0]=206.0, y[0]=285.5, toolType[0]=TOOL_TYPE_UNKNOWN, buttonState=BUTTON_PRIMARY, classification=NONE, metaState=0, flags=0x0, edgeFlags=0x0, pointerCount=1, historySize=0, eventTime=4249342, downTime=4249342, deviceId=-1, source=0x1002, displayId=0, eventId=-971217679 }
05-16 12:28:37.624  1185  1185 D TaplEvents: TIS / TouchInteractionService.onInputEvent: MotionEvent { action=ACTION_UP, actionButton=0, id[0]=0, x[0]=206.0, y[0]=285.5, toolType[0]=TOOL_TYPE_FINGER, buttonState=BUTTON_PRIMARY, classification=NONE, metaState=0, flags=0x0, edgeFlags=0x0, pointerCount=1, historySize=0, eventTime=4249383, downTime=4249342, deviceId=-1, source=0x1002, displayId=0, eventId=-1015877684 }
05-16 12:28:37.651   381  1355 W RanchuHwc: presentDisplay display has no layers to compose, flushing client target buffer.
05-16 12:28:37.670   381  1355 W RanchuHwc: presentDisplay display has no layers to compose, flushing client target buffer.
05-16 12:28:37.684   381  1355 W RanchuHwc: presentDisplay display has no layers to compose, flushing client target buffer.
05-16 12:28:37.700   381  1355 W RanchuHwc: presentDisplay display has no layers to compose, flushing client target buffer.
05-16 12:28:37.717   381  1355 W RanchuHwc: presentDisplay display has no layers to compose, flushing client target buffer.
05-16 12:28:37.734   381  1355 W RanchuHwc: presentDisplay display has no layers to compose, flushing client target buffer.
05-16 12:28:37.933 14595 14595 I ViewInteraction: Performing 'single click' action on view view.getId() is <2131231081/com.example.lunchtray:id/next_button>
05-16 12:28:37.934  1185  1185 D TaplEvents: TIS / TouchInteractionService.onInputEvent: MotionEvent { action=ACTION_DOWN, actionButton=0, id[0]=0, x[0]=798.5, y[0]=1718.5, toolType[0]=TOOL_TYPE_UNKNOWN, buttonState=BUTTON_PRIMARY, classification=NONE, metaState=0, flags=0x0, edgeFlags=0x0, pointerCount=1, historySize=0, eventTime=4249692, downTime=4249692, deviceId=-1, source=0x1002, displayId=0, eventId=-899540747 }
05-16 12:28:37.950   381  1355 W RanchuHwc: presentDisplay display has no layers to compose, flushing client target buffer.
05-16 12:28:37.974  1185  1185 D TaplEvents: TIS / TouchInteractionService.onInputEvent: MotionEvent { action=ACTION_UP, actionButton=0, id[0]=0, x[0]=798.5, y[0]=1718.5, toolType[0]=TOOL_TYPE_FINGER, buttonState=BUTTON_PRIMARY, classification=NONE, metaState=0, flags=0x0, edgeFlags=0x0, pointerCount=1, historySize=0, eventTime=4249732, downTime=4249692, deviceId=-1, source=0x1002, displayId=0, eventId=-86387422 }
05-16 12:28:37.985   472   647 D AudioAnalytics: gc(1700, 2000): log size:1700 item map size:2, item map items:1700
05-16 12:28:37.999   381  1355 W RanchuHwc: presentDisplay display has no layers to compose, flushing client target buffer.
05-16 12:28:38.017   381  1355 W RanchuHwc: presentDisplay display has no layers to compose, flushing client target buffer.
05-16 12:28:38.050   381  1355 W RanchuHwc: presentDisplay display has no layers to compose, flushing client target buffer.
05-16 12:28:38.066   381  1355 W RanchuHwc: presentDisplay display has no layers to compose, flushing client target buffer.
05-16 12:28:38.252 14595 14595 I ViewInteraction: Performing 'single click' action on view view.getId() is <2131231187/com.example.lunchtray:id/soup>
05-16 12:28:38.253  1185  1185 D TaplEvents: TIS / TouchInteractionService.onInputEvent: MotionEvent { action=ACTION_DOWN, actionButton=0, id[0]=0, x[0]=325.5, y[0]=616.5, toolType[0]=TOOL_TYPE_UNKNOWN, buttonState=BUTTON_PRIMARY, classification=NONE, metaState=0, flags=0x0, edgeFlags=0x0, pointerCount=1, historySize=0, eventTime=4250010, downTime=4250010, deviceId=-1, source=0x1002, displayId=0, eventId=-522568708 }
05-16 12:28:38.294  1185  1185 D TaplEvents: TIS / TouchInteractionService.onInputEvent: MotionEvent { action=ACTION_UP, actionButton=0, id[0]=0, x[0]=325.5, y[0]=616.5, toolType[0]=TOOL_TYPE_FINGER, buttonState=BUTTON_PRIMARY, classification=NONE, metaState=0, flags=0x0, edgeFlags=0x0, pointerCount=1, historySize=0, eventTime=4250052, downTime=4250010, deviceId=-1, source=0x1002, displayId=0, eventId=-556969191 }
05-16 12:28:38.302 14595 14618 D EGL_emulation: app_time_stats: avg=59.09ms min=0.96ms max=268.54ms count=18
05-16 12:28:38.316   381  1355 W RanchuHwc: presentDisplay display has no layers to compose, flushing client target buffer.
05-16 12:28:38.335   381  1355 W RanchuHwc: presentDisplay display has no layers to compose, flushing client target buffer.
05-16 12:28:38.350   381  1355 W RanchuHwc: presentDisplay display has no layers to compose, flushing client target buffer.
05-16 12:28:38.368   381  1355 W RanchuHwc: presentDisplay display has no layers to compose, flushing client target buffer.
05-16 12:28:38.383   381  1355 W RanchuHwc: presentDisplay display has no layers to compose, flushing client target buffer.
05-16 12:28:38.402   381  1355 W RanchuHwc: presentDisplay display has no layers to compose, flushing client target buffer.
05-16 12:28:38.619 14595 14595 I ViewInteraction: Performing 'single click' action on view view.getId() is <2131231081/com.example.lunchtray:id/next_button>
05-16 12:28:38.621  1185  1185 D TaplEvents: TIS / TouchInteractionService.onInputEvent: MotionEvent { action=ACTION_DOWN, actionButton=0, id[0]=0, x[0]=798.5, y[0]=1672.5, toolType[0]=TOOL_TYPE_UNKNOWN, buttonState=BUTTON_PRIMARY, classification=NONE, metaState=0, flags=0x0, edgeFlags=0x0, pointerCount=1, historySize=0, eventTime=4250378, downTime=4250378, deviceId=-1, source=0x1002, displayId=0, eventId=-1026186158 }
05-16 12:28:38.660  1185  1185 D TaplEvents: TIS / TouchInteractionService.onInputEvent: MotionEvent { action=ACTION_UP, actionButton=0, id[0]=0, x[0]=798.5, y[0]=1672.5, toolType[0]=TOOL_TYPE_FINGER, buttonState=BUTTON_PRIMARY, classification=NONE, metaState=0, flags=0x0, edgeFlags=0x0, pointerCount=1, historySize=0, eventTime=4250418, downTime=4250378, deviceId=-1, source=0x1002, displayId=0, eventId=-498770696 }
05-16 12:28:38.683   381  1355 W RanchuHwc: presentDisplay display has no layers to compose, flushing client target buffer.
05-16 12:28:38.699   381  1355 W RanchuHwc: presentDisplay display has no layers to compose, flushing client target buffer.
05-16 12:28:38.733   381  1355 W RanchuHwc: presentDisplay display has no layers to compose, flushing client target buffer.
05-16 12:28:38.751   381  1355 W RanchuHwc: presentDisplay display has no layers to compose, flushing client target buffer.
05-16 12:28:38.934 14595 14595 I ViewInteraction: Performing 'single click' action on view view.getId() is <2131230835/com.example.lunchtray:id/bread>
05-16 12:28:38.935  1185  1185 D TaplEvents: TIS / TouchInteractionService.onInputEvent: MotionEvent { action=ACTION_DOWN, actionButton=0, id[0]=0, x[0]=196.0, y[0]=285.5, toolType[0]=TOOL_TYPE_UNKNOWN, buttonState=BUTTON_PRIMARY, classification=NONE, metaState=0, flags=0x0, edgeFlags=0x0, pointerCount=1, historySize=0, eventTime=4250693, downTime=4250693, deviceId=-1, source=0x1002, displayId=0, eventId=-196893765 }
05-16 12:28:38.976  1185  1185 D TaplEvents: TIS / TouchInteractionService.onInputEvent: MotionEvent { action=ACTION_UP, actionButton=0, id[0]=0, x[0]=196.0, y[0]=285.5, toolType[0]=TOOL_TYPE_FINGER, buttonState=BUTTON_PRIMARY, classification=NONE, metaState=0, flags=0x0, edgeFlags=0x0, pointerCount=1, historySize=0, eventTime=4250733, downTime=4250693, deviceId=-1, source=0x1002, displayId=0, eventId=-292296100 }
05-16 12:28:38.999   381  1355 W RanchuHwc: presentDisplay display has no layers to compose, flushing client target buffer.
05-16 12:28:39.017   381  1355 W RanchuHwc: presentDisplay display has no layers to compose, flushing client target buffer.
05-16 12:28:39.032   400   495 W TransactionTracing: Could not find layer id -1
05-16 12:28:39.032   400   495 W TransactionTracing: Could not find layer id -1
05-16 12:28:39.032   400   495 W TransactionTracing: Could not find layer id -1
05-16 12:28:39.035   381  1355 W RanchuHwc: presentDisplay display has no layers to compose, flushing client target buffer.
05-16 12:28:39.052   381  1355 W RanchuHwc: presentDisplay display has no layers to compose, flushing client target buffer.
05-16 12:28:39.068   381  1355 W RanchuHwc: presentDisplay display has no layers to compose, flushing client target buffer.
05-16 12:28:39.086   381  1355 W RanchuHwc: presentDisplay display has no layers to compose, flushing client target buffer.
05-16 12:28:39.285 14595 14595 I ViewInteraction: Performing 'single click' action on view view.getId() is <2131230842/com.example.lunchtray:id/cancel_button>
05-16 12:28:39.287  1185  1185 D TaplEvents: TIS / TouchInteractionService.onInputEvent: MotionEvent { action=ACTION_DOWN, actionButton=0, id[0]=0, x[0]=280.5, y[0]=1341.5, toolType[0]=TOOL_TYPE_UNKNOWN, buttonState=BUTTON_PRIMARY, classification=NONE, metaState=0, flags=0x0, edgeFlags=0x0, pointerCount=1, historySize=0, eventTime=4251044, downTime=4251044, deviceId=-1, source=0x1002, displayId=0, eventId=-688719636 }
05-16 12:28:39.326  1185  1185 D TaplEvents: TIS / TouchInteractionService.onInputEvent: MotionEvent { action=ACTION_UP, actionButton=0, id[0]=0, x[0]=280.5, y[0]=1341.5, toolType[0]=TOOL_TYPE_FINGER, buttonState=BUTTON_PRIMARY, classification=NONE, metaState=0, flags=0x0, edgeFlags=0x0, pointerCount=1, historySize=0, eventTime=4251084, downTime=4251044, deviceId=-1, source=0x1002, displayId=0, eventId=-182804911 }
05-16 12:28:39.336 14595 14618 D EGL_emulation: app_time_stats: avg=63.48ms min=1.15ms max=281.25ms count=16
05-16 12:28:39.350   381  1355 W RanchuHwc: presentDisplay display has no layers to compose, flushing client target buffer.
05-16 12:28:39.368   381  1355 W RanchuHwc: presentDisplay display has no layers to compose, flushing client target buffer.
05-16 12:28:39.385   381  1355 W RanchuHwc: presentDisplay display has no layers to compose, flushing client target buffer.
05-16 12:28:39.400   381  1355 W RanchuHwc: presentDisplay display has no layers to compose, flushing client target buffer.
05-16 12:28:39.599 14595 14595 I ViewInteraction: Performing 'single click' action on view view.getId() is <2131231208/com.example.lunchtray:id/start_order_btn>
05-16 12:28:39.601  1185  1185 D TaplEvents: TIS / TouchInteractionService.onInputEvent: MotionEvent { action=ACTION_DOWN, actionButton=0, id[0]=0, x[0]=540.0, y[0]=1257.5, toolType[0]=TOOL_TYPE_UNKNOWN, buttonState=BUTTON_PRIMARY, classification=NONE, metaState=0, flags=0x0, edgeFlags=0x0, pointerCount=1, historySize=0, eventTime=4251358, downTime=4251358, deviceId=-1, source=0x1002, displayId=0, eventId=-990828347 }
05-16 12:28:39.634   381  1355 W RanchuHwc: presentDisplay display has no layers to compose, flushing client target buffer.
05-16 12:28:39.641  1185  1185 D TaplEvents: TIS / TouchInteractionService.onInputEvent: MotionEvent { action=ACTION_UP, actionButton=0, id[0]=0, x[0]=540.0, y[0]=1257.5, toolType[0]=TOOL_TYPE_FINGER, buttonState=BUTTON_PRIMARY, classification=NONE, metaState=0, flags=0x0, edgeFlags=0x0, pointerCount=1, historySize=0, eventTime=4251399, downTime=4251358, deviceId=-1, source=0x1002, displayId=0, eventId=-198205463 }
05-16 12:28:39.651   381  1355 W RanchuHwc: presentDisplay display has no layers to compose, flushing client target buffer.
05-16 12:28:39.684   381  1355 W RanchuHwc: presentDisplay display has no layers to compose, flushing client target buffer.
05-16 12:28:39.700   381  1355 W RanchuHwc: presentDisplay display has no layers to compose, flushing client target buffer.
05-16 12:28:39.899 14595 14595 I ViewInteraction: Checking 'MatchesViewAssertion{viewMatcher=(view has effective visibility <VISIBLE> and view.getGlobalVisibleRect() to return non-empty rectangle)}' assertion on view an instance of android.widget.TextView and view.getText() with or without transformation to match: is "Subtotal: $0.00"
05-16 12:28:39.899 14595 14616 I TestRunner: finished: order_reset_after_cancel_from_accompaniment_menu(com.example.lunchtray.OrderFunctionalityTests)
