05-16 12:28:42.655 14595 14616 I TestRunner: started: order_snackbar(com.example.lunchtray.OrderFunctionalityTests)
05-16 12:28:42.662 14595 14616 W Settings: Setting always_finish_activities has moved from android.provider.Settings.System to android.provider.Settings.Global, returning read-only value.
05-16 12:28:42.665   400   495 W TransactionTracing: Could not find layer handle 0xb4000075126bbcb0
05-16 12:28:42.665   400   495 W TransactionTracing: Could not find layer handle 0xb4000075126b7b70
05-16 12:28:42.668   381  1355 W RanchuHwc: presentDisplay display has no layers to compose, flushing client target buffer.
05-16 12:28:42.669   768  1071 D EGL_emulation: app_time_stats: avg=1316.58ms min=102.69ms max=2530.47ms count=2
05-16 12:28:42.680   768  1043 D SplashScreenView: Build android.window.SplashScreenView{7d030cb V.E...... ......ID 0,0-0,0}
05-16 12:28:42.680   768  1043 D SplashScreenView: Icon: view: null drawable: null size: 0
05-16 12:28:42.680   768  1043 D SplashScreenView: Branding: view: android.view.View{a84d0a8 G.ED..... ......I. 0,0-0,0 #10204d9 android:id/splashscreen_branding_view} drawable: null size w: 0 h: 0
05-16 12:28:42.686   381  1355 W RanchuHwc: presentDisplay display has no layers to compose, flushing client target buffer.
05-16 12:28:42.692 14595 14595 D LifecycleMonitor: Lifecycle status change: androidx.test.core.app.InstrumentationActivityInvoker$BootstrapActivity@9d6a0e1 in: PRE_ON_CREATE
05-16 12:28:42.693 14595 14595 V ActivityScenario: Activity lifecycle changed event received but ignored because the intent does not match. startActivityIntent=Intent { act=android.intent.action.MAIN cat=[android.intent.category.LAUNCHER] cmp=com.example.lunchtray/androidx.fragment.app.testing.FragmentScenario$EmptyFragmentActivity (has extras) }, activity.getIntent()=Intent { act=android.intent.action.MAIN cat=[android.intent.category.LAUNCHER] flg=0x10008000 cmp=com.example.lunchtray/androidx.test.core.app.InstrumentationActivityInvoker$BootstrapActivity (has extras) }, activity=androidx.test.core.app.InstrumentationActivityInvoker$BootstrapActivity@9d6a0e1
05-16 12:28:42.694 14595 14595 V ActivityScenario: Activity lifecycle changed event received but ignored because the intent does not match. startActivityIntent=Intent { act=android.intent.action.MAIN cat=[android.intent.category.LAUNCHER] cmp=com.example.lunchtray/.MainActivity }, activity.getIntent()=Intent { act=android.intent.action.MAIN cat=[android.intent.category.LAUNCHER] flg=0x10008000 cmp=com.example.lunchtray/androidx.test.core.app.InstrumentationActivityInvoker$BootstrapActivity (has extras) }, activity=androidx.test.core.app.InstrumentationActivityInvoker$BootstrapActivity@9d6a0e1
05-16 12:28:42.694   380   439 D goldfish-address-space: claimShared: Ask to claim region [0x1ebce0000 0x1ebf4c000]
05-16 12:28:42.695 14595 14595 V ActivityScenario: Activity lifecycle changed event received but ignored because the intent does not match. startActivityIntent=Intent { act=android.intent.action.MAIN cat=[android.intent.category.LAUNCHER] cmp=com.example.lunchtray/.MainActivity }, activity.getIntent()=Intent { act=android.intent.action.MAIN cat=[android.intent.category.LAUNCHER] flg=0x10008000 cmp=com.example.lunchtray/androidx.test.core.app.InstrumentationActivityInvoker$BootstrapActivity (has extras) }, activity=androidx.test.core.app.InstrumentationActivityInvoker$BootstrapActivity@9d6a0e1
05-16 12:28:42.696 14595 14595 V ActivityScenario: Activity lifecycle changed event received but ignored because the intent does not match. startActivityIntent=Intent { act=android.intent.action.MAIN cat=[android.intent.category.LAUNCHER] cmp=com.example.lunchtray/.MainActivity }, activity.getIntent()=Intent { act=android.intent.action.MAIN cat=[android.intent.category.LAUNCHER] flg=0x10008000 cmp=com.example.lunchtray/androidx.test.core.app.InstrumentationActivityInvoker$BootstrapActivity (has extras) }, activity=androidx.test.core.app.InstrumentationActivityInvoker$BootstrapActivity@9d6a0e1
05-16 12:28:42.697   576  1568 D HostConnection: createUnique: call
05-16 12:28:42.698   576  1568 D HostConnection: HostConnection::get() New Host Connection established 0xb4000070dd16cf50, tid 1568
05-16 12:28:42.701 14595 14595 D LifecycleMonitor: Lifecycle status change: androidx.test.core.app.InstrumentationActivityInvoker$BootstrapActivity@9d6a0e1 in: CREATED
05-16 12:28:42.701 14595 14595 V ActivityScenario: Activity lifecycle changed event received but ignored because the intent does not match. startActivityIntent=Intent { act=android.intent.action.MAIN cat=[android.intent.category.LAUNCHER] cmp=com.example.lunchtray/androidx.fragment.app.testing.FragmentScenario$EmptyFragmentActivity (has extras) }, activity.getIntent()=Intent { act=android.intent.action.MAIN cat=[android.intent.category.LAUNCHER] flg=0x10008000 cmp=com.example.lunchtray/androidx.test.core.app.InstrumentationActivityInvoker$BootstrapActivity (has extras) }, activity=androidx.test.core.app.InstrumentationActivityInvoker$BootstrapActivity@9d6a0e1
05-16 12:28:42.701 14595 14595 V ActivityScenario: Activity lifecycle changed event received but ignored because the intent does not match. startActivityIntent=Intent { act=android.intent.action.MAIN cat=[android.intent.category.LAUNCHER] cmp=com.example.lunchtray/.MainActivity }, activity.getIntent()=Intent { act=android.intent.action.MAIN cat=[android.intent.category.LAUNCHER] flg=0x10008000 cmp=com.example.lunchtray/androidx.test.core.app.InstrumentationActivityInvoker$BootstrapActivity (has extras) }, activity=androidx.test.core.app.InstrumentationActivityInvoker$BootstrapActivity@9d6a0e1
05-16 12:28:42.701 14595 14595 V ActivityScenario: Activity lifecycle changed event received but ignored because the intent does not match. startActivityIntent=Intent { act=android.intent.action.MAIN cat=[android.intent.category.LAUNCHER] cmp=com.example.lunchtray/.MainActivity }, activity.getIntent()=Intent { act=android.intent.action.MAIN cat=[android.intent.category.LAUNCHER] flg=0x10008000 cmp=com.example.lunchtray/androidx.test.core.app.InstrumentationActivityInvoker$BootstrapActivity (has extras) }, activity=androidx.test.core.app.InstrumentationActivityInvoker$BootstrapActivity@9d6a0e1
05-16 12:28:42.701 14595 14595 V ActivityScenario: Activity lifecycle changed event received but ignored because the intent does not match. startActivityIntent=Intent { act=android.intent.action.MAIN cat=[android.intent.category.LAUNCHER] cmp=com.example.lunchtray/.MainActivity }, activity.getIntent()=Intent { act=android.intent.action.MAIN cat=[android.intent.category.LAUNCHER] flg=0x10008000 cmp=com.example.lunchtray/androidx.test.core.app.InstrumentationActivityInvoker$BootstrapActivity (has extras) }, activity=androidx.test.core.app.InstrumentationActivityInvoker$BootstrapActivity@9d6a0e1
05-16 12:28:42.702   381  1355 W RanchuHwc: presentDisplay display has no layers to compose, flushing client target buffer.
05-16 12:28:42.702 14595 14595 D LifecycleMonitor: Lifecycle status change: androidx.test.core.app.InstrumentationActivityInvoker$BootstrapActivity@9d6a0e1 in: STARTED
05-16 12:28:42.702 14595 14595 V ActivityScenario: Activity lifecycle changed event received but ignored because the intent does not match. startActivityIntent=Intent { act=android.intent.action.MAIN cat=[android.intent.category.LAUNCHER] cmp=com.example.lunchtray/androidx.fragment.app.testing.FragmentScenario$EmptyFragmentActivity (has extras) }, activity.getIntent()=Intent { act=android.intent.action.MAIN cat=[android.intent.category.LAUNCHER] flg=0x10008000 cmp=com.example.lunchtray/androidx.test.core.app.InstrumentationActivityInvoker$BootstrapActivity (has extras) }, activity=androidx.test.core.app.InstrumentationActivityInvoker$BootstrapActivity@9d6a0e1
05-16 12:28:42.702 14595 14595 V ActivityScenario: Activity lifecycle changed event received but ignored because the intent does not match. startActivityIntent=Intent { act=android.intent.action.MAIN cat=[android.intent.category.LAUNCHER] cmp=com.example.lunchtray/.MainActivity }, activity.getIntent()=Intent { act=android.intent.action.MAIN cat=[android.intent.category.LAUNCHER] flg=0x10008000 cmp=com.example.lunchtray/androidx.test.core.app.InstrumentationActivityInvoker$BootstrapActivity (has extras) }, activity=androidx.test.core.app.InstrumentationActivityInvoker$BootstrapActivity@9d6a0e1
05-16 12:28:42.702 14595 14595 V ActivityScenario: Activity lifecycle changed event received but ignored because the intent does not match. startActivityIntent=Intent { act=android.intent.action.MAIN cat=[android.intent.category.LAUNCHER] cmp=com.example.lunchtray/.MainActivity }, activity.getIntent()=Intent { act=android.intent.action.MAIN cat=[android.intent.category.LAUNCHER] flg=0x10008000 cmp=com.example.lunchtray/androidx.test.core.app.InstrumentationActivityInvoker$BootstrapActivity (has extras) }, activity=androidx.test.core.app.InstrumentationActivityInvoker$BootstrapActivity@9d6a0e1
05-16 12:28:42.702 14595 14595 V ActivityScenario: Activity lifecycle changed event received but ignored because the intent does not match. startActivityIntent=Intent { act=android.intent.action.MAIN cat=[android.intent.category.LAUNCHER] cmp=com.example.lunchtray/.MainActivity }, activity.getIntent()=Intent { act=android.intent.action.MAIN cat=[android.intent.category.LAUNCHER] flg=0x10008000 cmp=com.example.lunchtray/androidx.test.core.app.InstrumentationActivityInvoker$BootstrapActivity (has extras) }, activity=androidx.test.core.app.InstrumentationActivityInvoker$BootstrapActivity@9d6a0e1
05-16 12:28:42.707   380   439 D goldfish-address-space: claimShared: Ask to claim region [0x1e923c000 0x1e9be0000]
05-16 12:28:42.709 14595 14595 D LifecycleMonitor: Lifecycle status change: androidx.test.core.app.InstrumentationActivityInvoker$BootstrapActivity@9d6a0e1 in: RESUMED
05-16 12:28:42.709 14595 14595 V ActivityScenario: Activity lifecycle changed event received but ignored because the intent does not match. startActivityIntent=Intent { act=android.intent.action.MAIN cat=[android.intent.category.LAUNCHER] cmp=com.example.lunchtray/androidx.fragment.app.testing.FragmentScenario$EmptyFragmentActivity (has extras) }, activity.getIntent()=Intent { act=android.intent.action.MAIN cat=[android.intent.category.LAUNCHER] flg=0x10008000 cmp=com.example.lunchtray/androidx.test.core.app.InstrumentationActivityInvoker$BootstrapActivity (has extras) }, activity=androidx.test.core.app.InstrumentationActivityInvoker$BootstrapActivity@9d6a0e1
05-16 12:28:42.709 14595 14595 V ActivityScenario: Activity lifecycle changed event received but ignored because the intent does not match. startActivityIntent=Intent { act=android.intent.action.MAIN cat=[android.intent.category.LAUNCHER] cmp=com.example.lunchtray/.MainActivity }, activity.getIntent()=Intent { act=android.intent.action.MAIN cat=[android.intent.category.LAUNCHER] flg=0x10008000 cmp=com.example.lunchtray/androidx.test.core.app.InstrumentationActivityInvoker$BootstrapActivity (has extras) }, activity=androidx.test.core.app.InstrumentationActivityInvoker$BootstrapActivity@9d6a0e1
05-16 12:28:42.709 14595 14595 V ActivityScenario: Activity lifecycle changed event received but ignored because the intent does not match. startActivityIntent=Intent { act=android.intent.action.MAIN cat=[android.intent.category.LAUNCHER] cmp=com.example.lunchtray/.MainActivity }, activity.getIntent()=Intent { act=android.intent.action.MAIN cat=[android.intent.category.LAUNCHER] flg=0x10008000 cmp=com.example.lunchtray/androidx.test.core.app.InstrumentationActivityInvoker$BootstrapActivity (has extras) }, activity=androidx.test.core.app.InstrumentationActivityInvoker$BootstrapActivity@9d6a0e1
05-16 12:28:42.709 14595 14595 V ActivityScenario: Activity lifecycle changed event received but ignored because the intent does not match. startActivityIntent=Intent { act=android.intent.action.MAIN cat=[android.intent.category.LAUNCHER] cmp=com.example.lunchtray/.MainActivity }, activity.getIntent()=Intent { act=android.intent.action.MAIN cat=[android.intent.category.LAUNCHER] flg=0x10008000 cmp=com.example.lunchtray/androidx.test.core.app.InstrumentationActivityInvoker$BootstrapActivity (has extras) }, activity=androidx.test.core.app.InstrumentationActivityInvoker$BootstrapActivity@9d6a0e1
05-16 12:28:42.711 14595 14595 D LifecycleMonitor: Lifecycle status change: androidx.test.core.app.InstrumentationActivityInvoker$BootstrapActivity@9d6a0e1 in: PAUSED
05-16 12:28:42.712 14595 14595 V ActivityScenario: Activity lifecycle changed event received but ignored because the intent does not match. startActivityIntent=Intent { act=android.intent.action.MAIN cat=[android.intent.category.LAUNCHER] cmp=com.example.lunchtray/androidx.fragment.app.testing.FragmentScenario$EmptyFragmentActivity (has extras) }, activity.getIntent()=Intent { act=android.intent.action.MAIN cat=[android.intent.category.LAUNCHER] flg=0x10008000 cmp=com.example.lunchtray/androidx.test.core.app.InstrumentationActivityInvoker$BootstrapActivity (has extras) }, activity=androidx.test.core.app.InstrumentationActivityInvoker$BootstrapActivity@9d6a0e1
05-16 12:28:42.712 14595 14595 V ActivityScenario: Activity lifecycle changed event received but ignored because the intent does not match. startActivityIntent=Intent { act=android.intent.action.MAIN cat=[android.intent.category.LAUNCHER] cmp=com.example.lunchtray/.MainActivity }, activity.getIntent()=Intent { act=android.intent.action.MAIN cat=[android.intent.category.LAUNCHER] flg=0x10008000 cmp=com.example.lunchtray/androidx.test.core.app.InstrumentationActivityInvoker$BootstrapActivity (has extras) }, activity=androidx.test.core.app.InstrumentationActivityInvoker$BootstrapActivity@9d6a0e1
05-16 12:28:42.712 14595 14595 V ActivityScenario: Activity lifecycle changed event received but ignored because the intent does not match. startActivityIntent=Intent { act=android.intent.action.MAIN cat=[android.intent.category.LAUNCHER] cmp=com.example.lunchtray/.MainActivity }, activity.getIntent()=Intent { act=android.intent.action.MAIN cat=[android.intent.category.LAUNCHER] flg=0x10008000 cmp=com.example.lunchtray/androidx.test.core.app.InstrumentationActivityInvoker$BootstrapActivity (has extras) }, activity=androidx.test.core.app.InstrumentationActivityInvoker$BootstrapActivity@9d6a0e1
05-16 12:28:42.712 14595 14595 V ActivityScenario: Activity lifecycle changed event received but ignored because the intent does not match. startActivityIntent=Intent { act=android.intent.action.MAIN cat=[android.intent.category.LAUNCHER] cmp=com.example.lunchtray/.MainActivity }, activity.getIntent()=Intent { act=android.intent.action.MAIN cat=[android.intent.category.LAUNCHER] flg=0x10008000 cmp=com.example.lunchtray/androidx.test.core.app.InstrumentationActivityInvoker$BootstrapActivity (has extras) }, activity=androidx.test.core.app.InstrumentationActivityInvoker$BootstrapActivity@9d6a0e1
05-16 12:28:42.713   576  1568 D HostConnection: HostComposition ext ANDROID_EMU_CHECKSUM_HELPER_v1 ANDROID_EMU_native_sync_v2 ANDROID_EMU_native_sync_v3 ANDROID_EMU_native_sync_v4 ANDROID_EMU_dma_v1 ANDROID_EMU_direct_mem ANDROID_EMU_host_composition_v1 ANDROID_EMU_host_composition_v2 ANDROID_EMU_vulkan ANDROID_EMU_deferred_vulkan_commands ANDROID_EMU_vulkan_null_optional_strings ANDROID_EMU_vulkan_create_resources_with_requirements ANDROID_EMU_YUV_Cache ANDROID_EMU_vulkan_ignored_handles ANDROID_EMU_has_shared_slots_host_memory_allocator ANDROID_EMU_vulkan_free_memory_sync ANDROID_EMU_vulkan_shader_float16_int8 ANDROID_EMU_vulkan_async_queue_submit ANDROID_EMU_vulkan_queue_submit_with_commands ANDROID_EMU_sync_buffer_data ANDROID_EMU_read_color_buffer_dma ANDROID_EMU_hwc_multi_configs GL_OES_EGL_image_external_essl3 GL_OES_vertex_array_object GL_KHR_texture_compression_astc_ldr ANDROID_EMU_host_side_tracing ANDROID_EMU_gles_max_version_3_0
05-16 12:28:42.714   400   400 I BpBinder: onLastStrongRef automatically unlinking death recipients: <uncached descriptor>
05-16 12:28:42.714   380   439 D goldfish-address-space: claimShared: Ask to claim region [0x1ec000000 0x1ec9a4000]
05-16 12:28:42.715   381  1355 W RanchuHwc: presentDisplay display has no layers to compose, flushing client target buffer.
05-16 12:28:42.715   380   439 D goldfish-address-space: claimShared: Ask to claim region [0x1ef034000 0x1ef9d8000]
05-16 12:28:42.722 14595 14595 D LifecycleMonitor: Lifecycle status change: com.example.lunchtray.MainActivity@b652dbf in: PRE_ON_CREATE
05-16 12:28:42.722 14595 14595 V ActivityScenario: Activity lifecycle changed event received but ignored because the intent does not match. startActivityIntent=Intent { act=android.intent.action.MAIN cat=[android.intent.category.LAUNCHER] cmp=com.example.lunchtray/androidx.fragment.app.testing.FragmentScenario$EmptyFragmentActivity (has extras) }, activity.getIntent()=Intent { act=android.intent.action.MAIN cat=[android.intent.category.LAUNCHER] cmp=com.example.lunchtray/.MainActivity }, activity=com.example.lunchtray.MainActivity@b652dbf
05-16 12:28:42.722 14595 14595 V ActivityScenario: Activity lifecycle changed event received but ignored because the reported transition was not ON_CREATE while the last known transition was DESTROYED
05-16 12:28:42.722 14595 14595 V ActivityScenario: Activity lifecycle changed event received but ignored because the reported transition was not ON_CREATE while the last known transition was DESTROYED
05-16 12:28:42.722 14595 14595 V ActivityScenario: Activity lifecycle changed event received but ignored because the reported transition was not ON_CREATE while the last known transition was PRE_ON_CREATE
05-16 12:28:42.725   768  1071 W Parcel  : Expecting binder but got null!
05-16 12:28:42.732   381  1355 W RanchuHwc: presentDisplay display has no layers to compose, flushing client target buffer.
05-16 12:28:42.751 14595 14595 D LifecycleMonitor: Lifecycle status change: com.example.lunchtray.MainActivity@b652dbf in: CREATED
05-16 12:28:42.752 14595 14595 V ActivityScenario: Activity lifecycle changed event received but ignored because the intent does not match. startActivityIntent=Intent { act=android.intent.action.MAIN cat=[android.intent.category.LAUNCHER] cmp=com.example.lunchtray/androidx.fragment.app.testing.FragmentScenario$EmptyFragmentActivity (has extras) }, activity.getIntent()=Intent { act=android.intent.action.MAIN cat=[android.intent.category.LAUNCHER] cmp=com.example.lunchtray/.MainActivity }, activity=com.example.lunchtray.MainActivity@b652dbf
05-16 12:28:42.752 14595 14595 V ActivityScenario: Update currentActivityStage to CREATED, currentActivity=com.example.lunchtray.MainActivity@b652dbf
05-16 12:28:42.753   381  1355 W RanchuHwc: presentDisplay display has no layers to compose, flushing client target buffer.
05-16 12:28:42.753 14595 14595 V ActivityScenario: Update currentActivityStage to CREATED, currentActivity=com.example.lunchtray.MainActivity@b652dbf
05-16 12:28:42.753 14595 14595 V ActivityScenario: Update currentActivityStage to CREATED, currentActivity=com.example.lunchtray.MainActivity@b652dbf
05-16 12:28:42.766 14595 14595 D LifecycleMonitor: Lifecycle status change: com.example.lunchtray.MainActivity@b652dbf in: STARTED
05-16 12:28:42.766   400   495 W TransactionTracing: Could not find layer handle 0xb4000075126bf250
05-16 12:28:42.766   400   495 W TransactionTracing: Could not find layer handle 0xb4000075126b8230
05-16 12:28:42.766   400   495 W TransactionTracing: Could not find layer handle 0xb4000075126b8230
05-16 12:28:42.766   400   495 W TransactionTracing: Could not find layer handle 0xb4000075126bf250
05-16 12:28:42.767 14595 14595 V ActivityScenario: Activity lifecycle changed event received but ignored because the intent does not match. startActivityIntent=Intent { act=android.intent.action.MAIN cat=[android.intent.category.LAUNCHER] cmp=com.example.lunchtray/androidx.fragment.app.testing.FragmentScenario$EmptyFragmentActivity (has extras) }, activity.getIntent()=Intent { act=android.intent.action.MAIN cat=[android.intent.category.LAUNCHER] cmp=com.example.lunchtray/.MainActivity }, activity=com.example.lunchtray.MainActivity@b652dbf
05-16 12:28:42.767 14595 14595 V ActivityScenario: Update currentActivityStage to STARTED, currentActivity=com.example.lunchtray.MainActivity@b652dbf
05-16 12:28:42.767 14595 14595 V ActivityScenario: Update currentActivityStage to STARTED, currentActivity=com.example.lunchtray.MainActivity@b652dbf
05-16 12:28:42.768 14595 14595 V ActivityScenario: Update currentActivityStage to STARTED, currentActivity=com.example.lunchtray.MainActivity@b652dbf
05-16 12:28:42.769 14595 14595 D LifecycleMonitor: Lifecycle status change: com.example.lunchtray.MainActivity@b652dbf in: RESUMED
05-16 12:28:42.770 14595 14595 V ActivityScenario: Activity lifecycle changed event received but ignored because the intent does not match. startActivityIntent=Intent { act=android.intent.action.MAIN cat=[android.intent.category.LAUNCHER] cmp=com.example.lunchtray/androidx.fragment.app.testing.FragmentScenario$EmptyFragmentActivity (has extras) }, activity.getIntent()=Intent { act=android.intent.action.MAIN cat=[android.intent.category.LAUNCHER] cmp=com.example.lunchtray/.MainActivity }, activity=com.example.lunchtray.MainActivity@b652dbf
05-16 12:28:42.771 14595 14595 V ActivityScenario: Update currentActivityStage to RESUMED, currentActivity=com.example.lunchtray.MainActivity@b652dbf
05-16 12:28:42.771 14595 14595 V ActivityScenario: Update currentActivityStage to RESUMED, currentActivity=com.example.lunchtray.MainActivity@b652dbf
05-16 12:28:42.771 14595 14595 V ActivityScenario: Update currentActivityStage to RESUMED, currentActivity=com.example.lunchtray.MainActivity@b652dbf
05-16 12:28:42.771   381  1355 W RanchuHwc: presentDisplay display has no layers to compose, flushing client target buffer.
05-16 12:28:42.778 14595 14595 D LifecycleMonitor: Lifecycle status change: androidx.test.core.app.InstrumentationActivityInvoker$BootstrapActivity@9d6a0e1 in: STOPPED
05-16 12:28:42.779 14595 14595 V ActivityScenario: Activity lifecycle changed event received but ignored because the intent does not match. startActivityIntent=Intent { act=android.intent.action.MAIN cat=[android.intent.category.LAUNCHER] cmp=com.example.lunchtray/androidx.fragment.app.testing.FragmentScenario$EmptyFragmentActivity (has extras) }, activity.getIntent()=Intent { act=android.intent.action.MAIN cat=[android.intent.category.LAUNCHER] flg=0x10008000 cmp=com.example.lunchtray/androidx.test.core.app.InstrumentationActivityInvoker$BootstrapActivity (has extras) }, activity=androidx.test.core.app.InstrumentationActivityInvoker$BootstrapActivity@9d6a0e1
05-16 12:28:42.779 14595 14595 V ActivityScenario: Activity lifecycle changed event received but ignored because the intent does not match. startActivityIntent=Intent { act=android.intent.action.MAIN cat=[android.intent.category.LAUNCHER] cmp=com.example.lunchtray/.MainActivity }, activity.getIntent()=Intent { act=android.intent.action.MAIN cat=[android.intent.category.LAUNCHER] flg=0x10008000 cmp=com.example.lunchtray/androidx.test.core.app.InstrumentationActivityInvoker$BootstrapActivity (has extras) }, activity=androidx.test.core.app.InstrumentationActivityInvoker$BootstrapActivity@9d6a0e1
05-16 12:28:42.779 14595 14595 V ActivityScenario: Activity lifecycle changed event received but ignored because the intent does not match. startActivityIntent=Intent { act=android.intent.action.MAIN cat=[android.intent.category.LAUNCHER] cmp=com.example.lunchtray/.MainActivity }, activity.getIntent()=Intent { act=android.intent.action.MAIN cat=[android.intent.category.LAUNCHER] flg=0x10008000 cmp=com.example.lunchtray/androidx.test.core.app.InstrumentationActivityInvoker$BootstrapActivity (has extras) }, activity=androidx.test.core.app.InstrumentationActivityInvoker$BootstrapActivity@9d6a0e1
05-16 12:28:42.779 14595 14595 V ActivityScenario: Activity lifecycle changed event received but ignored because the intent does not match. startActivityIntent=Intent { act=android.intent.action.MAIN cat=[android.intent.category.LAUNCHER] cmp=com.example.lunchtray/.MainActivity }, activity.getIntent()=Intent { act=android.intent.action.MAIN cat=[android.intent.category.LAUNCHER] flg=0x10008000 cmp=com.example.lunchtray/androidx.test.core.app.InstrumentationActivityInvoker$BootstrapActivity (has extras) }, activity=androidx.test.core.app.InstrumentationActivityInvoker$BootstrapActivity@9d6a0e1
05-16 12:28:42.786   381  1355 W RanchuHwc: presentDisplay display has no layers to compose, flushing client target buffer.
05-16 12:28:42.791  1801  1801 I A       : onApplyWindowInsets: systemWindowInsets=Insets{left=0, top=66, right=0, bottom=66}
05-16 12:28:42.791  1801  1801 I A       : onApplyWindowInsets: systemWindowInsets=Insets{left=0, top=66, right=0, bottom=66}
05-16 12:28:42.795   380   439 D goldfish-address-space: claimShared: Ask to claim region [0x1e8000000 0x1e89a4000]
05-16 12:28:42.795  1461  1461 I GsaVoiceInteractionSrv: Handling ACTION_STOP_HOTWORD
05-16 12:28:42.795  1461  2240 E HwDetectorWithState: a: 3
05-16 12:28:42.798   380   439 D goldfish-address-space: claimShared: Ask to claim region [0x1ea838000 0x1eb1dc000]
05-16 12:28:42.802   381  1355 W RanchuHwc: presentDisplay display has no layers to compose, flushing client target buffer.
05-16 12:28:42.802   380   439 D goldfish-address-space: claimShared: Ask to claim region [0x1ec9a4000 0x1ed348000]
05-16 12:28:42.807 14595 14618 W Parcel  : Expecting binder but got null!
05-16 12:28:42.811   576   595 W ziparchive: Unable to open '/data/app/~~SHw06Uuc8-_rLL8Y5T78-Q==/com.example.lunchtray-jFPe-Ba-Eba7rjYMbFNrxA==/base.dm': No such file or directory
05-16 12:28:42.813   576   595 I ActivityTaskManager: Displayed com.example.lunchtray/.MainActivity: +136ms
05-16 12:28:42.816 14595 14595 D RootViewPicker: Root not ready - waiting: 10ms for one to appear.
05-16 12:28:42.819   576  1823 W InputManager-JNI: Input channel object 'c7a5419 Splash Screen com.example.lunchtray (client)' was disposed without first being removed with the input manager!
05-16 12:28:42.820   381  1355 W RanchuHwc: presentDisplay display has no layers to compose, flushing client target buffer.
05-16 12:28:42.825   841  1103 D BtGatt.ScanManager: uid 10097 isForeground true scanMode 1
05-16 12:28:42.825   841  1103 D BtGatt.ScanManager: uid 10097 isForeground true scanMode -1
05-16 12:28:42.825   841  1103 D BtGatt.ScanManager: uid 10097 isForeground true scanMode -1
05-16 12:28:42.831   400   495 W TransactionTracing: Could not find layer handle 0xb4000075126c09f0
05-16 12:28:42.832   400   495 W TransactionTracing: Could not find layer handle 0xb4000075126bbe90
05-16 12:28:42.832   400   495 W TransactionTracing: Could not find layer handle 0xb4000075126bcd30
05-16 12:28:42.832   400   495 W TransactionTracing: Could not find layer handle 0xb4000075126bcd30
05-16 12:28:42.833   400   495 W TransactionTracing: Could not find layer handle 0xb4000075126c09f0
05-16 12:28:42.833   400   495 W TransactionTracing: Could not find layer handle 0xb4000075126bbe90
05-16 12:28:42.833  1391  1391 I GoogleInputMethodService: GoogleInputMethodService.onFinishInput():3204
05-16 12:28:42.834  1391  1391 I GoogleInputMethodService: GoogleInputMethodService.updateDeviceLockedStatus():2100 checkRepeatedly = false, unlocked = true
05-16 12:28:42.834  1391  1391 I GoogleInputMethodService: GoogleInputMethodService.onStartInput():1903 onStartInput(EditorInfo{inputType=0x0(NULL) imeOptions=0x0 privateImeOptions=null actionName=UNSPECIFIED actionLabel=null actionId=0 initialSelStart=-1 initialSelEnd=-1 initialCapsMode=0x0 hintText=null label=null packageName=com.example.lunchtray fieldId=-1 fieldName=null extras=null}, false)
05-16 12:28:42.834   400   495 W TransactionTracing: Could not find layer handle 0xb4000075126bbe90
05-16 12:28:42.834   400   495 W TransactionTracing: Could not find layer handle 0xb4000075126c09f0
05-16 12:28:42.834   400   495 W TransactionTracing: Could not find layer handle 0xb4000075126bbe90
05-16 12:28:42.835  1391  1391 I GoogleInputMethodService: GoogleInputMethodService.updateDeviceLockedStatus():2100 checkRepeatedly = true, unlocked = true
05-16 12:28:42.836   381  1355 W RanchuHwc: presentDisplay display has no layers to compose, flushing client target buffer.
05-16 12:28:42.848   400   495 W TransactionTracing: Could not find layer handle 0xb4000075126ba570
05-16 12:28:42.850 14595 14595 I ViewInteraction: Performing 'single click' action on view view.getId() is <2131231208/com.example.lunchtray:id/start_order_btn>
05-16 12:28:42.852  1185  1185 D TaplEvents: TIS / TouchInteractionService.onInputEvent: MotionEvent { action=ACTION_DOWN, actionButton=0, id[0]=0, x[0]=540.0, y[0]=1257.5, toolType[0]=TOOL_TYPE_UNKNOWN, buttonState=BUTTON_PRIMARY, classification=NONE, metaState=0, flags=0x0, edgeFlags=0x0, pointerCount=1, historySize=0, eventTime=4254609, downTime=4254609, deviceId=-1, source=0x1002, displayId=0, eventId=-966753573 }
05-16 12:28:42.853   381  1355 W RanchuHwc: presentDisplay display has no layers to compose, flushing client target buffer.
05-16 12:28:42.855 14595 14595 D AutofillManager: Fill dialog is enabled:false, hints=[password, passwordAuto, creditCardNumber, creditCardSecurityCode, creditCardExpirationDate]
05-16 12:28:42.868   381  1355 W RanchuHwc: presentDisplay display has no layers to compose, flushing client target buffer.
05-16 12:28:42.884   381  1355 W RanchuHwc: presentDisplay display has no layers to compose, flushing client target buffer.
05-16 12:28:42.893  1185  1185 D TaplEvents: TIS / TouchInteractionService.onInputEvent: MotionEvent { action=ACTION_UP, actionButton=0, id[0]=0, x[0]=540.0, y[0]=1257.5, toolType[0]=TOOL_TYPE_FINGER, buttonState=BUTTON_PRIMARY, classification=NONE, metaState=0, flags=0x0, edgeFlags=0x0, pointerCount=1, historySize=0, eventTime=4254651, downTime=4254609, deviceId=-1, source=0x1002, displayId=0, eventId=-652008125 }
05-16 12:28:42.899   381  1355 W RanchuHwc: presentDisplay display has no layers to compose, flushing client target buffer.
05-16 12:28:42.917   381  1355 W RanchuHwc: presentDisplay display has no layers to compose, flushing client target buffer.
05-16 12:28:42.934   381  1355 W RanchuHwc: presentDisplay display has no layers to compose, flushing client target buffer.
05-16 12:28:42.953   381  1355 W RanchuHwc: presentDisplay display has no layers to compose, flushing client target buffer.
05-16 12:28:42.968   381  1355 W RanchuHwc: presentDisplay display has no layers to compose, flushing client target buffer.
05-16 12:28:42.984   381  1355 W RanchuHwc: presentDisplay display has no layers to compose, flushing client target buffer.
05-16 12:28:43.000   381  1355 W RanchuHwc: presentDisplay display has no layers to compose, flushing client target buffer.
05-16 12:28:43.016   381  1355 W RanchuHwc: presentDisplay display has no layers to compose, flushing client target buffer.
05-16 12:28:43.036   381  1355 W RanchuHwc: presentDisplay display has no layers to compose, flushing client target buffer.
05-16 12:28:43.051   381  1355 W RanchuHwc: presentDisplay display has no layers to compose, flushing client target buffer.
05-16 12:28:43.068   381  1355 W RanchuHwc: presentDisplay display has no layers to compose, flushing client target buffer.
05-16 12:28:43.083   381  1355 W RanchuHwc: presentDisplay display has no layers to compose, flushing client target buffer.
05-16 12:28:43.101   381  1355 W RanchuHwc: presentDisplay display has no layers to compose, flushing client target buffer.
05-16 12:28:43.116   381  1355 W RanchuHwc: presentDisplay display has no layers to compose, flushing client target buffer.
05-16 12:28:43.134   381  1355 W RanchuHwc: presentDisplay display has no layers to compose, flushing client target buffer.
05-16 12:28:43.150   381  1355 W RanchuHwc: presentDisplay display has no layers to compose, flushing client target buffer.
05-16 12:28:43.151 14595 14595 I ViewInteraction: Performing 'single click' action on view view.getId() is <2131230844/com.example.lunchtray:id/cauliflower>
05-16 12:28:43.152  1185  1185 D TaplEvents: TIS / TouchInteractionService.onInputEvent: MotionEvent { action=ACTION_DOWN, actionButton=0, id[0]=0, x[0]=206.0, y[0]=285.5, toolType[0]=TOOL_TYPE_UNKNOWN, buttonState=BUTTON_PRIMARY, classification=NONE, metaState=0, flags=0x0, edgeFlags=0x0, pointerCount=1, historySize=0, eventTime=4254910, downTime=4254910, deviceId=-1, source=0x1002, displayId=0, eventId=-445476052 }
05-16 12:28:43.167   381  1355 W RanchuHwc: presentDisplay display has no layers to compose, flushing client target buffer.
05-16 12:28:43.184   381  1355 W RanchuHwc: presentDisplay display has no layers to compose, flushing client target buffer.
05-16 12:28:43.192  1185  1185 D TaplEvents: TIS / TouchInteractionService.onInputEvent: MotionEvent { action=ACTION_UP, actionButton=0, id[0]=0, x[0]=206.0, y[0]=285.5, toolType[0]=TOOL_TYPE_FINGER, buttonState=BUTTON_PRIMARY, classification=NONE, metaState=0, flags=0x0, edgeFlags=0x0, pointerCount=1, historySize=0, eventTime=4254950, downTime=4254910, deviceId=-1, source=0x1002, displayId=0, eventId=-734481293 }
05-16 12:28:43.198   400   495 W TransactionTracing: Could not find layer handle 0xb4000075126ba4b0
05-16 12:28:43.200   381  1355 W RanchuHwc: presentDisplay display has no layers to compose, flushing client target buffer.
05-16 12:28:43.217   381  1355 W RanchuHwc: presentDisplay display has no layers to compose, flushing client target buffer.
05-16 12:28:43.234   381  1355 W RanchuHwc: presentDisplay display has no layers to compose, flushing client target buffer.
05-16 12:28:43.251   381  1355 W RanchuHwc: presentDisplay display has no layers to compose, flushing client target buffer.
05-16 12:28:43.266   381  1355 W RanchuHwc: presentDisplay display has no layers to compose, flushing client target buffer.
05-16 12:28:43.284   381  1355 W RanchuHwc: presentDisplay display has no layers to compose, flushing client target buffer.
05-16 12:28:43.299   381  1355 W RanchuHwc: presentDisplay display has no layers to compose, flushing client target buffer.
05-16 12:28:43.498 14595 14595 I ViewInteraction: Performing 'single click' action on view view.getId() is <2131231081/com.example.lunchtray:id/next_button>
05-16 12:28:43.500  1185  1185 D TaplEvents: TIS / TouchInteractionService.onInputEvent: MotionEvent { action=ACTION_DOWN, actionButton=0, id[0]=0, x[0]=798.5, y[0]=1718.5, toolType[0]=TOOL_TYPE_UNKNOWN, buttonState=BUTTON_PRIMARY, classification=NONE, metaState=0, flags=0x0, edgeFlags=0x0, pointerCount=1, historySize=0, eventTime=4255257, downTime=4255257, deviceId=-1, source=0x1002, displayId=0, eventId=-933078681 }
05-16 12:28:43.541  1185  1185 D TaplEvents: TIS / TouchInteractionService.onInputEvent: MotionEvent { action=ACTION_UP, actionButton=0, id[0]=0, x[0]=798.5, y[0]=1718.5, toolType[0]=TOOL_TYPE_FINGER, buttonState=BUTTON_PRIMARY, classification=NONE, metaState=0, flags=0x0, edgeFlags=0x0, pointerCount=1, historySize=0, eventTime=4255299, downTime=4255257, deviceId=-1, source=0x1002, displayId=0, eventId=-230878215 }
05-16 12:28:43.570   381  1355 W RanchuHwc: presentDisplay display has no layers to compose, flushing client target buffer.
05-16 12:28:43.584   381  1355 W RanchuHwc: presentDisplay display has no layers to compose, flushing client target buffer.
05-16 12:28:43.600   381  1355 W RanchuHwc: presentDisplay display has no layers to compose, flushing client target buffer.
05-16 12:28:43.617   381  1355 W RanchuHwc: presentDisplay display has no layers to compose, flushing client target buffer.
05-16 12:28:43.816 14595 14595 I ViewInteraction: Performing 'single click' action on view view.getId() is <2131231138/com.example.lunchtray:id/salad>
05-16 12:28:43.818  1185  1185 D TaplEvents: TIS / TouchInteractionService.onInputEvent: MotionEvent { action=ACTION_DOWN, actionButton=0, id[0]=0, x[0]=239.5, y[0]=285.5, toolType[0]=TOOL_TYPE_UNKNOWN, buttonState=BUTTON_PRIMARY, classification=NONE, metaState=0, flags=0x0, edgeFlags=0x0, pointerCount=1, historySize=0, eventTime=4255575, downTime=4255575, deviceId=-1, source=0x1002, displayId=0, eventId=-802998941 }
05-16 12:28:43.860  1185  1185 D TaplEvents: TIS / TouchInteractionService.onInputEvent: MotionEvent { action=ACTION_UP, actionButton=0, id[0]=0, x[0]=239.5, y[0]=285.5, toolType[0]=TOOL_TYPE_FINGER, buttonState=BUTTON_PRIMARY, classification=NONE, metaState=0, flags=0x0, edgeFlags=0x0, pointerCount=1, historySize=0, eventTime=4255617, downTime=4255575, deviceId=-1, source=0x1002, displayId=0, eventId=-212931060 }
05-16 12:28:43.870 14595 14618 D EGL_emulation: app_time_stats: avg=58.96ms min=5.71ms max=269.95ms count=18
05-16 12:28:43.883   381  1355 W RanchuHwc: presentDisplay display has no layers to compose, flushing client target buffer.
05-16 12:28:43.902   381  1355 W RanchuHwc: presentDisplay display has no layers to compose, flushing client target buffer.
05-16 12:28:43.917   381  1355 W RanchuHwc: presentDisplay display has no layers to compose, flushing client target buffer.
05-16 12:28:43.933   381  1355 W RanchuHwc: presentDisplay display has no layers to compose, flushing client target buffer.
05-16 12:28:43.950   381  1355 W RanchuHwc: presentDisplay display has no layers to compose, flushing client target buffer.
05-16 12:28:43.966   381  1355 W RanchuHwc: presentDisplay display has no layers to compose, flushing client target buffer.
05-16 12:28:44.166 14595 14595 I ViewInteraction: Performing 'single click' action on view view.getId() is <2131231081/com.example.lunchtray:id/next_button>
05-16 12:28:44.167  1185  1185 D TaplEvents: TIS / TouchInteractionService.onInputEvent: MotionEvent { action=ACTION_DOWN, actionButton=0, id[0]=0, x[0]=798.5, y[0]=1672.5, toolType[0]=TOOL_TYPE_UNKNOWN, buttonState=BUTTON_PRIMARY, classification=NONE, metaState=0, flags=0x0, edgeFlags=0x0, pointerCount=1, historySize=0, eventTime=4255925, downTime=4255925, deviceId=-1, source=0x1002, displayId=0, eventId=-933343034 }
05-16 12:28:44.208  1185  1185 D TaplEvents: TIS / TouchInteractionService.onInputEvent: MotionEvent { action=ACTION_UP, actionButton=0, id[0]=0, x[0]=798.5, y[0]=1672.5, toolType[0]=TOOL_TYPE_FINGER, buttonState=BUTTON_PRIMARY, classification=NONE, metaState=0, flags=0x0, edgeFlags=0x0, pointerCount=1, historySize=0, eventTime=4255966, downTime=4255925, deviceId=-1, source=0x1002, displayId=0, eventId=-150987164 }
05-16 12:28:44.235   381  1355 W RanchuHwc: presentDisplay display has no layers to compose, flushing client target buffer.
05-16 12:28:44.250   381  1355 W RanchuHwc: presentDisplay display has no layers to compose, flushing client target buffer.
05-16 12:28:44.268   381  1355 W RanchuHwc: presentDisplay display has no layers to compose, flushing client target buffer.
05-16 12:28:44.284   381  1355 W RanchuHwc: presentDisplay display has no layers to compose, flushing client target buffer.
05-16 12:28:44.484 14595 14595 I ViewInteraction: Performing 'single click' action on view view.getId() is <2131230835/com.example.lunchtray:id/bread>
05-16 12:28:44.485  1185  1185 D TaplEvents: TIS / TouchInteractionService.onInputEvent: MotionEvent { action=ACTION_DOWN, actionButton=0, id[0]=0, x[0]=196.0, y[0]=285.5, toolType[0]=TOOL_TYPE_UNKNOWN, buttonState=BUTTON_PRIMARY, classification=NONE, metaState=0, flags=0x0, edgeFlags=0x0, pointerCount=1, historySize=0, eventTime=4256243, downTime=4256243, deviceId=-1, source=0x1002, displayId=0, eventId=-415937575 }
05-16 12:28:44.526  1185  1185 D TaplEvents: TIS / TouchInteractionService.onInputEvent: MotionEvent { action=ACTION_UP, actionButton=0, id[0]=0, x[0]=196.0, y[0]=285.5, toolType[0]=TOOL_TYPE_FINGER, buttonState=BUTTON_PRIMARY, classification=NONE, metaState=0, flags=0x0, edgeFlags=0x0, pointerCount=1, historySize=0, eventTime=4256284, downTime=4256243, deviceId=-1, source=0x1002, displayId=0, eventId=-415418121 }
05-16 12:28:44.551   381  1355 W RanchuHwc: presentDisplay display has no layers to compose, flushing client target buffer.
05-16 12:28:44.566   381  1355 W RanchuHwc: presentDisplay display has no layers to compose, flushing client target buffer.
05-16 12:28:44.584   381  1355 W RanchuHwc: presentDisplay display has no layers to compose, flushing client target buffer.
05-16 12:28:44.600   381  1355 W RanchuHwc: presentDisplay display has no layers to compose, flushing client target buffer.
05-16 12:28:44.619   381  1355 W RanchuHwc: presentDisplay display has no layers to compose, flushing client target buffer.
05-16 12:28:44.634   381  1355 W RanchuHwc: presentDisplay display has no layers to compose, flushing client target buffer.
05-16 12:28:44.839 14595 14595 I ViewInteraction: Performing 'single click' action on view view.getId() is <2131231081/com.example.lunchtray:id/next_button>
05-16 12:28:44.840  1185  1185 D TaplEvents: TIS / TouchInteractionService.onInputEvent: MotionEvent { action=ACTION_DOWN, actionButton=0, id[0]=0, x[0]=798.5, y[0]=1341.5, toolType[0]=TOOL_TYPE_UNKNOWN, buttonState=BUTTON_PRIMARY, classification=NONE, metaState=0, flags=0x0, edgeFlags=0x0, pointerCount=1, historySize=0, eventTime=4256598, downTime=4256598, deviceId=-1, source=0x1002, displayId=0, eventId=-845669576 }
05-16 12:28:44.854 14595 14604 W ample.lunchtray: Cleared Reference was only reachable from finalizer (only reported once)
05-16 12:28:44.880  1185  1185 D TaplEvents: TIS / TouchInteractionService.onInputEvent: MotionEvent { action=ACTION_UP, actionButton=0, id[0]=0, x[0]=798.5, y[0]=1341.5, toolType[0]=TOOL_TYPE_FINGER, buttonState=BUTTON_PRIMARY, classification=NONE, metaState=0, flags=0x0, edgeFlags=0x0, pointerCount=1, historySize=0, eventTime=4256638, downTime=4256598, deviceId=-1, source=0x1002, displayId=0, eventId=-579845444 }
05-16 12:28:44.885 14595 14618 D EGL_emulation: app_time_stats: avg=63.24ms min=9.78ms max=267.25ms count=16
05-16 12:28:44.902   381  1355 W RanchuHwc: presentDisplay display has no layers to compose, flushing client target buffer.
05-16 12:28:44.916   381  1355 W RanchuHwc: presentDisplay display has no layers to compose, flushing client target buffer.
05-16 12:28:44.934   381  1355 W RanchuHwc: presentDisplay display has no layers to compose, flushing client target buffer.
05-16 12:28:44.950   381  1355 W RanchuHwc: presentDisplay display has no layers to compose, flushing client target buffer.
05-16 12:28:45.153 14595 14595 I ViewInteraction: Performing 'single click' action on view view.getId() is <2131231216/com.example.lunchtray:id/submit_button>
05-16 12:28:45.154  1185  1185 D TaplEvents: TIS / TouchInteractionService.onInputEvent: MotionEvent { action=ACTION_DOWN, actionButton=0, id[0]=0, x[0]=539.5, y[0]=919.5, toolType[0]=TOOL_TYPE_UNKNOWN, buttonState=BUTTON_PRIMARY, classification=NONE, metaState=0, flags=0x0, edgeFlags=0x0, pointerCount=1, historySize=0, eventTime=4256912, downTime=4256912, deviceId=-1, source=0x1002, displayId=0, eventId=-384061320 }
05-16 12:28:45.196  1185  1185 D TaplEvents: TIS / TouchInteractionService.onInputEvent: MotionEvent { action=ACTION_UP, actionButton=0, id[0]=0, x[0]=539.5, y[0]=919.5, toolType[0]=TOOL_TYPE_FINGER, buttonState=BUTTON_PRIMARY, classification=NONE, metaState=0, flags=0x0, edgeFlags=0x0, pointerCount=1, historySize=0, eventTime=4256954, downTime=4256912, deviceId=-1, source=0x1002, displayId=0, eventId=-414758653 }
05-16 12:28:45.217   381  1355 W RanchuHwc: presentDisplay display has no layers to compose, flushing client target buffer.
05-16 12:28:45.234   381  1355 W RanchuHwc: presentDisplay display has no layers to compose, flushing client target buffer.
05-16 12:28:45.251   381  1355 W RanchuHwc: presentDisplay display has no layers to compose, flushing client target buffer.
05-16 12:28:45.265   400   495 W TransactionTracing: Could not find layer id -1
05-16 12:28:45.267   381  1355 W RanchuHwc: presentDisplay display has no layers to compose, flushing client target buffer.
05-16 12:28:45.470 14595 14595 I ViewInteraction: Checking 'MatchesViewAssertion{viewMatcher=(view has effective visibility <VISIBLE> and view.getGlobalVisibleRect() to return non-empty rectangle)}' assertion on view an instance of android.widget.TextView and view.getText() with or without transformation to match: a string containing "Order Submitted!"
05-16 12:28:45.471 14595 14616 I TestRunner: finished: order_snackbar(com.example.lunchtray.OrderFunctionalityTests)
